Archive member included to satisfy reference by file (symbol)

C:/Users/brand/Desktop/DaisyExamples/libDaisy/build\libdaisy.a(daisy_pod.o)
                              build/Looper.o (daisy::DaisyPod::StartAudio(void (*)(float const*, float*, unsigned int)))
C:/Users/brand/Desktop/DaisyExamples/libDaisy/build\libdaisy.a(daisy_seed.o)
                              C:/Users/brand/Desktop/DaisyExamples/libDaisy/build\libdaisy.a(daisy_pod.o) (daisy::DaisySeed::Configure())
C:/Users/brand/Desktop/DaisyExamples/libDaisy/build\libdaisy.a(codec_ak4556.o)
                              C:/Users/brand/Desktop/DaisyExamples/libDaisy/build\libdaisy.a(daisy_seed.o) (daisy::Ak4556::Init(dsy_gpio_pin))
C:/Users/brand/Desktop/DaisyExamples/libDaisy/build\libdaisy.a(codec_wm8731.o)
                              C:/Users/brand/Desktop/DaisyExamples/libDaisy/build\libdaisy.a(daisy_seed.o) (daisy::Wm8731::Init(daisy::Wm8731::Config const&, daisy::I2CHandle))
C:/Users/brand/Desktop/DaisyExamples/libDaisy/build\libdaisy.a(sdram.o)
                              C:/Users/brand/Desktop/DaisyExamples/libDaisy/build\libdaisy.a(daisy_seed.o) (SdramHandle::Init())
C:/Users/brand/Desktop/DaisyExamples/libDaisy/build\libdaisy.a(audio.o)
                              C:/Users/brand/Desktop/DaisyExamples/libDaisy/build\libdaisy.a(daisy_seed.o) (daisy::AudioHandle::Init(daisy::AudioHandle::Config const&, daisy::SaiHandle))
C:/Users/brand/Desktop/DaisyExamples/libDaisy/build\libdaisy.a(ctrl.o)
                              C:/Users/brand/Desktop/DaisyExamples/libDaisy/build\libdaisy.a(daisy_pod.o) (daisy::AnalogControl::Init(unsigned short*, float, bool, bool, float))
C:/Users/brand/Desktop/DaisyExamples/libDaisy/build\libdaisy.a(encoder.o)
                              C:/Users/brand/Desktop/DaisyExamples/libDaisy/build\libdaisy.a(daisy_pod.o) (daisy::Encoder::Init(dsy_gpio_pin, dsy_gpio_pin, dsy_gpio_pin, float))
C:/Users/brand/Desktop/DaisyExamples/libDaisy/build\libdaisy.a(midi.o)
                              build/Looper.o (daisy::MidiUartTransport::Config::Config())
C:/Users/brand/Desktop/DaisyExamples/libDaisy/build\libdaisy.a(midi_parser.o)
                              C:/Users/brand/Desktop/DaisyExamples/libDaisy/build\libdaisy.a(daisy_pod.o) (daisy::MidiParser::Reset())
C:/Users/brand/Desktop/DaisyExamples/libDaisy/build\libdaisy.a(rgb_led.o)
                              C:/Users/brand/Desktop/DaisyExamples/libDaisy/build\libdaisy.a(daisy_pod.o) (daisy::RgbLed::Init(dsy_gpio_pin, dsy_gpio_pin, dsy_gpio_pin, bool))
C:/Users/brand/Desktop/DaisyExamples/libDaisy/build\libdaisy.a(switch.o)
                              C:/Users/brand/Desktop/DaisyExamples/libDaisy/build\libdaisy.a(daisy_pod.o) (daisy::Switch::Init(dsy_gpio_pin, float))
C:/Users/brand/Desktop/DaisyExamples/libDaisy/build\libdaisy.a(adc.o)
                              C:/Users/brand/Desktop/DaisyExamples/libDaisy/build\libdaisy.a(daisy_pod.o) (daisy::AdcChannelConfig::InitSingle(dsy_gpio_pin, daisy::AdcChannelConfig::ConversionSpeed))
C:/Users/brand/Desktop/DaisyExamples/libDaisy/build\libdaisy.a(gpio.o)
                              C:/Users/brand/Desktop/DaisyExamples/libDaisy/build\libdaisy.a(daisy_seed.o) (daisy::GPIO::Init(daisy::Pin, daisy::GPIO::Mode, daisy::GPIO::Pull, daisy::GPIO::Speed))
C:/Users/brand/Desktop/DaisyExamples/libDaisy/build\libdaisy.a(i2c.o)
                              C:/Users/brand/Desktop/DaisyExamples/libDaisy/build\libdaisy.a(daisy_seed.o) (daisy::I2CHandle::Init(daisy::I2CHandle::Config const&))
C:/Users/brand/Desktop/DaisyExamples/libDaisy/build\libdaisy.a(qspi.o)
                              C:/Users/brand/Desktop/DaisyExamples/libDaisy/build\libdaisy.a(daisy_seed.o) (daisy::QSPIHandle::Init(daisy::QSPIHandle::Config const&))
C:/Users/brand/Desktop/DaisyExamples/libDaisy/build\libdaisy.a(sai.o)
                              C:/Users/brand/Desktop/DaisyExamples/libDaisy/build\libdaisy.a(daisy_seed.o) (daisy::SaiHandle::Init(daisy::SaiHandle::Config const&))
C:/Users/brand/Desktop/DaisyExamples/libDaisy/build\libdaisy.a(uart.o)
                              C:/Users/brand/Desktop/DaisyExamples/libDaisy/build\libdaisy.a(daisy_pod.o) (daisy::UartHandler::Init(daisy::UartHandler::Config const&))
C:/Users/brand/Desktop/DaisyExamples/libDaisy/build\libdaisy.a(dma.o)
                              C:/Users/brand/Desktop/DaisyExamples/libDaisy/build\libdaisy.a(uart.o) (dsy_dma_invalidate_cache_for_buffer)
C:/Users/brand/Desktop/DaisyExamples/libDaisy/build\libdaisy.a(system.o)
                              C:/Users/brand/Desktop/DaisyExamples/libDaisy/build\libdaisy.a(daisy_seed.o) (daisy::System::DeInit())
C:/Users/brand/Desktop/DaisyExamples/libDaisy/build\libdaisy.a(system_stm32h7xx.o)
                              build/startup_stm32h750xx.o (SystemInit)
C:/Users/brand/Desktop/DaisyExamples/libDaisy/build\libdaisy.a(usbd_conf.o)
[...]
Memory Configuration

Name             Origin             Length             Attributes
FLASH            0x08000000         0x00020000         xr
DTCMRAM          0x20000000         0x00020000         xrw
SRAM             0x24000000         0x00080000         xrw
RAM_D2           0x30000000         0x00048000         xrw
RAM_D3           0x38000000         0x00010000         xrw
BACKUP_SRAM      0x38800000         0x00001000         xrw
ITCMRAM          0x00000000         0x00010000         xrw
SDRAM            0xc0000000         0x04000000         xrw
QSPIFLASH        0x90000000         0x00800000         xr
*default*        0x00000000         0xffffffff

Linker script and memory map

LOAD c:/program files/daisytoolchain/bin/../lib/gcc/arm-none-eabi/10.2.1/thumb/v7e-m+dp/hard/crti.o
LOAD c:/program files/daisytoolchain/bin/../lib/gcc/arm-none-eabi/10.2.1/thumb/v7e-m+dp/hard/crtbegin.o
LOAD c:/program files/daisytoolchain/bin/../lib/gcc/arm-none-eabi/10.2.1/../../../../arm-none-eabi/lib/thumb/v7e-m+dp/hard/crt0.o
LOAD build/startup_stm32h750xx.o
LOAD build/Looper.o
LOAD C:/Users/brand/Desktop/DaisyExamples/libDaisy/build\libdaisy.a
LOAD c:/program files/daisytoolchain/bin/../lib/gcc/arm-none-eabi/10.2.1/../../../../arm-none-eabi/lib/thumb/v7e-m+dp/hard\libnosys.a
LOAD C:/Users/brand/Desktop/DaisyExamples/DaisySP/build\libdaisysp.a
LOAD c:/program files/daisytoolchain/bin/../lib/gcc/arm-none-eabi/10.2.1/../../../../arm-none-eabi/lib/thumb/v7e-m+dp/hard\libstdc++_nano.a
LOAD c:/program files/daisytoolchain/bin/../lib/gcc/arm-none-eabi/10.2.1/../../../../arm-none-eabi/lib/thumb/v7e-m+dp/hard\libm.a
LOAD c:/program files/daisytoolchain/bin/../lib/gcc/arm-none-eabi/10.2.1/../../../../arm-none-eabi/lib/thumb/v7e-m+dp/hard\libc_nano.a
START GROUP
LOAD c:/program files/daisytoolchain/bin/../lib/gcc/arm-none-eabi/10.2.1/thumb/v7e-m+dp/hard\libgcc.a
LOAD c:/program files/daisytoolchain/bin/../lib/gcc/arm-none-eabi/10.2.1/../../../../arm-none-eabi/lib/thumb/v7e-m+dp/hard\libc_nano.a
END GROUP
START GROUP
LOAD c:/program files/daisytoolchain/bin/../lib/gcc/arm-none-eabi/10.2.1/thumb/v7e-m+dp/hard\libgcc.a
LOAD c:/program files/daisytoolchain/bin/../lib/gcc/arm-none-eabi/10.2.1/../../../../arm-none-eabi/lib/thumb/v7e-m+dp/hard\libc_nano.a
LOAD c:/program files/daisytoolchain/bin/../lib/gcc/arm-none-eabi/10.2.1/../../../../arm-none-eabi/lib/thumb/v7e-m+dp/hard\libnosys.a
END GROUP
START GROUP
LOAD c:/program files/daisytoolchain/bin/../lib/gcc/arm-none-eabi/10.2.1/thumb/v7e-m+dp/hard\libgcc.a
LOAD c:/program files/daisytoolchain/bin/../lib/gcc/arm-none-eabi/10.2.1/../../../../arm-none-eabi/lib/thumb/v7e-m+dp/hard\libc_nano.a
LOAD c:/program files/daisytoolchain/bin/../lib/gcc/arm-none-eabi/10.2.1/../../../../arm-none-eabi/lib/thumb/v7e-m+dp/hard\libnosys.a
END GROUP
LOAD c:/program files/daisytoolchain/bin/../lib/gcc/arm-none-eabi/10.2.1/thumb/v7e-m+dp/hard/crtend.o
LOAD c:/program files/daisytoolchain/bin/../lib/gcc/arm-none-eabi/10.2.1/thumb/v7e-m+dp/hard/crtn.o
                0x20020000                _estack = 0x20020000

.isr_vector     0x08000000      0x298
                0x08000000                . = ALIGN (0x4)
 *(.isr_vector)
 .isr_vector    0x08000000      0x298 build/startup_stm32h750xx.o
                0x08000000                g_pfnVectors
                0x08000298                . = ALIGN (0x4)

.text           0x08000298    0x114d4
                0x08000298                . = ALIGN (0x4)
                0x08000298                _stext = .
 *(.text)
 .text          0x08000298       0x40 c:/program files/daisytoolchain/bin/../lib/gcc/arm-none-eabi/10.2.1/thumb/v7e-m+dp/hard/crtbegin.o
 .text          0x080002d8       0x30 c:/program files/daisytoolchain/bin/../lib/gcc/arm-none-eabi/10.2.1/thumb/v7e-m+dp/hard\libgcc.a(_aeabi_uldivmod.o)
                0x080002d8                __aeabi_uldivmod
 .text          0x08000308      0x2d0 c:/program files/daisytoolchain/bin/../lib/gcc/arm-none-eabi/10.2.1/thumb/v7e-m+dp/hard\libgcc.a(_udivmoddi4.o)
                0x08000308                __udivmoddi4
 .text          0x080005d8        0x4 c:/program files/daisytoolchain/bin/../lib/gcc/arm-none-eabi/10.2.1/thumb/v7e-m+dp/hard\libgcc.a(_dvmd_tls.o)
                0x080005d8                __aeabi_idiv0
                0x080005d8                __aeabi_ldiv0
 *(.text*)
 .text.Default_Handler
                0x080005dc        0x4 build/startup_stm32h750xx.o
                0x080005dc                RTC_Alarm_IRQHandler
                0x080005dc                HASH_RNG_IRQHandler
                0x080005dc                EXTI2_IRQHandler
                0x080005dc                TIM8_CC_IRQHandler
                0x080005dc                HRTIM1_Master_IRQHandler
                0x080005dc                DebugMon_Handler
                0x080005dc                TIM1_CC_IRQHandler
                0x080005dc                BDMA_Channel6_IRQHandler
                0x080005dc                DMA2_Stream5_IRQHandler
                0x080005dc                HRTIM1_FLT_IRQHandler
                0x080005dc                JPEG_IRQHandler
                0x080005dc                BDMA_Channel1_IRQHandler
                0x080005dc                HRTIM1_TIMD_IRQHandler
                0x080005dc                TAMP_STAMP_IRQHandler
                0x080005dc                PendSV_Handler
                0x080005dc                NMI_Handler
                0x080005dc                EXTI3_IRQHandler
                0x080005dc                LPTIM4_IRQHandler
                0x080005dc                TIM8_TRG_COM_TIM14_IRQHandler
                0x080005dc                LPTIM2_IRQHandler
                0x080005dc                DFSDM1_FLT1_IRQHandler
                0x080005dc                DMAMUX2_OVR_IRQHandler
                0x080005dc                TIM8_UP_TIM13_IRQHandler
                0x080005dc                I2C3_ER_IRQHandler
                0x080005dc                DFSDM1_FLT2_IRQHandler
                0x080005dc                MDMA_IRQHandler
                0x080005dc                LPTIM3_IRQHandler
                0x080005dc                HSEM1_IRQHandler
                0x080005dc                EXTI0_IRQHandler
                0x080005dc                FPU_IRQHandler
                0x080005dc                OTG_HS_WKUP_IRQHandler
                0x080005dc                FDCAN1_IT1_IRQHandler
                0x080005dc                UsageFault_Handler
                0x080005dc                LTDC_ER_IRQHandler
                0x080005dc                HRTIM1_TIME_IRQHandler
                0x080005dc                TIM6_DAC_IRQHandler
                0x080005dc                DCMI_IRQHandler
                0x080005dc                HRTIM1_TIMC_IRQHandler
                0x080005dc                SAI2_IRQHandler
                0x080005dc                DFSDM1_FLT3_IRQHandler
                0x080005dc                TIM17_IRQHandler
                0x080005dc                CRYP_IRQHandler
                0x080005dc                BDMA_Channel7_IRQHandler
                0x080005dc                LPTIM5_IRQHandler
                0x080005dc                ADC3_IRQHandler
                0x080005dc                DMA2_Stream0_IRQHandler
                0x080005dc                BDMA_Channel2_IRQHandler
                0x080005dc                DMAMUX1_OVR_IRQHandler
                0x080005dc                TIM16_IRQHandler
                0x080005dc                BDMA_Channel5_IRQHandler
                0x080005dc                RCC_IRQHandler
                0x080005dc                TIM8_BRK_TIM12_IRQHandler
                0x080005dc                TIM1_TRG_COM_IRQHandler
                0x080005dc                Default_Handler
                0x080005dc                ECC_IRQHandler
                0x080005dc                CEC_IRQHandler
                0x080005dc                EXTI15_10_IRQHandler
                0x080005dc                BDMA_Channel0_IRQHandler
                0x080005dc                ADC_IRQHandler
                0x080005dc                DMA1_Stream7_IRQHandler
                0x080005dc                HRTIM1_TIMA_IRQHandler
                0x080005dc                TIM7_IRQHandler
                0x080005dc                SDMMC1_IRQHandler
                0x080005dc                DMA2_Stream7_IRQHandler
                0x080005dc                TIM15_IRQHandler
                0x080005dc                PVD_AVD_IRQHandler
                0x080005dc                EXTI9_5_IRQHandler
                0x080005dc                RTC_WKUP_IRQHandler
                0x080005dc                LTDC_IRQHandler
                0x080005dc                SAI3_IRQHandler
                0x080005dc                ETH_WKUP_IRQHandler
                0x080005dc                SPDIF_RX_IRQHandler
                0x080005dc                MemManage_Handler
                0x080005dc                SVC_Handler
                0x080005dc                CRS_IRQHandler
                0x080005dc                EXTI4_IRQHandler
                0x080005dc                HRTIM1_TIMB_IRQHandler
                0x080005dc                FDCAN2_IT1_IRQHandler
                0x080005dc                ETH_IRQHandler
                0x080005dc                TIM1_UP_IRQHandler
                0x080005dc                BDMA_Channel4_IRQHandler
                0x080005dc                WWDG_IRQHandler
                0x080005dc                SPI6_IRQHandler
                0x080005dc                I2C4_EV_IRQHandler
                0x080005dc                MDIOS_IRQHandler
                0x080005dc                FDCAN2_IT0_IRQHandler
                0x080005dc                FDCAN1_IT0_IRQHandler
                0x080005dc                OTG_FS_WKUP_IRQHandler
                0x080005dc                DMA2D_IRQHandler
                0x080005dc                TIM1_BRK_IRQHandler
                0x080005dc                EXTI1_IRQHandler
                0x080005dc                SDMMC2_IRQHandler
                0x080005dc                OTG_FS_EP1_OUT_IRQHandler
                0x080005dc                BDMA_Channel3_IRQHandler
                0x080005dc                MDIOS_WKUP_IRQHandler
                0x080005dc                DFSDM1_FLT0_IRQHandler
                0x080005dc                SAI4_IRQHandler
                0x080005dc                I2C2_ER_IRQHandler
                0x080005dc                DMA2_Stream1_IRQHandler
                0x080005dc                FLASH_IRQHandler
                0x080005dc                BusFault_Handler
                0x080005dc                OTG_FS_IRQHandler
                0x080005dc                WAKEUP_PIN_IRQHandler
                0x080005dc                OTG_FS_EP1_IN_IRQHandler
                0x080005dc                I2C1_ER_IRQHandler
                0x080005dc                FMC_IRQHandler
                0x080005dc                FDCAN_CAL_IRQHandler
                0x080005dc                SWPMI1_IRQHandler
                0x080005dc                COMP1_IRQHandler
                0x080005dc                LPTIM1_IRQHandler
                0x080005dc                I2C4_ER_IRQHandler
                0x080005dc                DMA2_Stream6_IRQHandler
                0x080005dc                SAI1_IRQHandler
 .text.Reset_Handler
                0x080005e0       0x44 build/startup_stm32h750xx.o
                0x080005e0                Reset_Handler
 .text._ZN5daisy8DaisyPodD2Ev
                0x08000624        0x4 build/Looper.o
                0x08000624                daisy::DaisyPod::~DaisyPod()
                0x08000624                daisy::DaisyPod::~DaisyPod()
 .text._Z11ResetBufferv
                0x08000628       0x50 build/Looper.o
                0x08000628                ResetBuffer()
 .text.startup.main
                0x08000678       0x30 build/Looper.o
                0x08000678                main
 .text._Z13UpdateButtonsv
                0x080006a8      0x108 build/Looper.o
                0x080006a8                UpdateButtons()
 .text._Z8Controlsv
                0x080007b0       0x90 build/Looper.o
                0x080007b0                Controls()
 .text._Z11NextSamplesRfPKfj
                0x08000840       0xe8 build/Looper.o
                0x08000840                NextSamples(float&, float const*, unsigned int)
 .text._ZL13AudioCallbackPKfPfj
                0x08000928       0x34 build/Looper.o
 .text.startup._GLOBAL__sub_I_first
                0x0800095c       0x5c build/Looper.o
 .text._ZN5daisy8DaisyPod10StartAudioEPFvPKfPfjE
                0x080009b8        0x4 C:/Users/brand/Desktop/DaisyExamples/libDaisy/build\libdaisy.a(daisy_pod.o)
                0x080009b8                daisy::DaisyPod::StartAudio(void (*)(float const*, float*, unsigned int))
 .text._ZN5daisy8DaisyPod17SetAudioBlockSizeEj
                0x080009bc       0x2c C:/Users/brand/Desktop/DaisyExamples/libDaisy/build\libdaisy.a(daisy_pod.o)
                0x080009bc                daisy::DaisyPod::SetAudioBlockSize(unsigned int)
 .text._ZN5daisy8DaisyPod8StartAdcEv
                0x080009e8        0x8 C:/Users/brand/Desktop/DaisyExamples/libDaisy/build\libdaisy.a(daisy_pod.o)
                0x080009e8                daisy::DaisyPod::StartAdc()
 .text._ZN5daisy8DaisyPod21ProcessAnalogControlsEv
                0x080009f0       0x18 C:/Users/brand/Desktop/DaisyExamples/libDaisy/build\libdaisy.a(daisy_pod.o)
                0x080009f0                daisy::DaisyPod::ProcessAnalogControls()
 .text._ZN5daisy8DaisyPod22ProcessDigitalControlsEv
                0x08000a08       0x20 C:/Users/brand/Desktop/DaisyExamples/libDaisy/build\libdaisy.a(daisy_pod.o)
                0x08000a08                daisy::DaisyPod::ProcessDigitalControls()
 .text._ZN5daisy8DaisyPod10UpdateLedsEv
                0x08000a28       0x18 C:/Users/brand/Desktop/DaisyExamples/libDaisy/build\libdaisy.a(daisy_pod.o)
                0x08000a28                daisy::DaisyPod::UpdateLeds()
 .text._ZN5daisy8DaisyPod8InitLedsEv
                0x08000a40       0x98 C:/Users/brand/Desktop/DaisyExamples/libDaisy/build\libdaisy.a(daisy_pod.o)
                0x08000a40                daisy::DaisyPod::InitLeds()
 .text._ZN5daisy8DaisyPod9InitKnobsEv
                0x08000ad8       0x90 C:/Users/brand/Desktop/DaisyExamples/libDaisy/build\libdaisy.a(daisy_pod.o)
                0x08000ad8                daisy::DaisyPod::InitKnobs()
 .text._ZN5daisy8DaisyPod4InitEb
                0x08000b68      0x128 C:/Users/brand/Desktop/DaisyExamples/libDaisy/build\libdaisy.a(daisy_pod.o)
                0x08000b68                daisy::DaisyPod::Init(bool)
 .text._ZN5daisy9DaisySeed9ConfigureEv
                0x08000c90        0x4 C:/Users/brand/Desktop/DaisyExamples/libDaisy/build\libdaisy.a(daisy_seed.o)
                0x08000c90                daisy::DaisySeed::Configure()
 .text._ZN5daisy9DaisySeed10StartAudioEPFvPKfPfjE
                0x08000c94        0x8 C:/Users/brand/Desktop/DaisyExamples/libDaisy/build\libdaisy.a(daisy_seed.o)
                0x08000c94                daisy::DaisySeed::StartAudio(void (*)(float const*, float*, unsigned int))
 .text._ZN5daisy9DaisySeed17SetAudioBlockSizeEj
                0x08000c9c       0x38 C:/Users/brand/Desktop/DaisyExamples/libDaisy/build\libdaisy.a(daisy_seed.o)
                0x08000c9c                daisy::DaisySeed::SetAudioBlockSize(unsigned int)
 .text._ZNK5daisy9DaisySeed17AudioCallbackRateEv
                0x08000cd4        0x8 C:/Users/brand/Desktop/DaisyExamples/libDaisy/build\libdaisy.a(daisy_seed.o)
                0x08000cd4                daisy::DaisySeed::AudioCallbackRate() const
 .text._ZN5daisy9DaisySeed17CheckBoardVersionEv
                0x08000cdc       0x6c C:/Users/brand/Desktop/DaisyExamples/libDaisy/build\libdaisy.a(daisy_seed.o)
                0x08000cdc                daisy::DaisySeed::CheckBoardVersion()
 .text._ZN5daisy9DaisySeed14ConfigureAudioEv
                0x08000d48      0x10c C:/Users/brand/Desktop/DaisyExamples/libDaisy/build\libdaisy.a(daisy_seed.o)
                0x08000d48                daisy::DaisySeed::ConfigureAudio()
 .text._ZN5daisy9DaisySeed4InitEb
                0x08000e54      0x108 C:/Users/brand/Desktop/DaisyExamples/libDaisy/build\libdaisy.a(daisy_seed.o)
                0x08000e54                daisy::DaisySeed::Init(bool)
 .text._ZN5daisy6Ak45564InitE12dsy_gpio_pin
                0x08000f5c       0x44 C:/Users/brand/Desktop/DaisyExamples/libDaisy/build\libdaisy.a(codec_ak4556.o)
                0x08000f5c                daisy::Ak4556::Init(dsy_gpio_pin)
 .text._ZN5daisy6Wm873120WriteControlRegisterEht
                0x08000fa0       0x3c C:/Users/brand/Desktop/DaisyExamples/libDaisy/build\libdaisy.a(codec_wm8731.o)
                0x08000fa0                daisy::Wm8731::WriteControlRegister(unsigned char, unsigned short)
 .text._ZN5daisy6Wm87314InitERKNS0_6ConfigENS_9I2CHandleE
                0x08000fdc      0x1bc C:/Users/brand/Desktop/DaisyExamples/libDaisy/build\libdaisy.a(codec_wm8731.o)
                0x08000fdc                daisy::Wm8731::Init(daisy::Wm8731::Config const&, daisy::I2CHandle)
 .text._ZN11SdramHandle10DeviceInitEv
                0x08001198       0x98 C:/Users/brand/Desktop/DaisyExamples/libDaisy/build\libdaisy.a(sdram.o)
                0x08001198                SdramHandle::DeviceInit()
 .text._ZN11SdramHandle4InitEv
                0x08001230       0x7c C:/Users/brand/Desktop/DaisyExamples/libDaisy/build\libdaisy.a(sdram.o)
                0x08001230                SdramHandle::Init()
 .text.HAL_SDRAM_MspInit
                0x080012ac      0x1a8 C:/Users/brand/Desktop/DaisyExamples/libDaisy/build\libdaisy.a(sdram.o)
                0x080012ac                HAL_SDRAM_MspInit
 .text._ZN5daisy11AudioHandle4Impl16InternalCallbackEPlS2_j
                0x08001454      0xbbc C:/Users/brand/Desktop/DaisyExamples/libDaisy/build\libdaisy.a(audio.o)
                0x08001454                daisy::AudioHandle::Impl::InternalCallback(long*, long*, unsigned int)
 .text._ZN5daisy11AudioHandle4InitERKNS0_6ConfigENS_9SaiHandleE
                0x08002010       0x70 C:/Users/brand/Desktop/DaisyExamples/libDaisy/build\libdaisy.a(audio.o)
                0x08002010                daisy::AudioHandle::Init(daisy::AudioHandle::Config const&, daisy::SaiHandle)
 .text._ZNK5daisy11AudioHandle9GetConfigEv
                0x08002080        0x8 C:/Users/brand/Desktop/DaisyExamples/libDaisy/build\libdaisy.a(audio.o)
                0x08002080                daisy::AudioHandle::GetConfig() const
 .text._ZN5daisy11AudioHandle12SetBlockSizeEj
                0x08002088       0x1c C:/Users/brand/Desktop/DaisyExamples/libDaisy/build\libdaisy.a(audio.o)
                0x08002088                daisy::AudioHandle::SetBlockSize(unsigned int)
 .text._ZN5daisy11AudioHandle13GetSampleRateEv
                0x080020a4        0x8 C:/Users/brand/Desktop/DaisyExamples/libDaisy/build\libdaisy.a(audio.o)
                0x080020a4                daisy::AudioHandle::GetSampleRate()
 .text._ZN5daisy11AudioHandle5StartEPFvPKfPfjE
                0x080020ac       0x2c C:/Users/brand/Desktop/DaisyExamples/libDaisy/build\libdaisy.a(audio.o)
                0x080020ac                daisy::AudioHandle::Start(void (*)(float const*, float*, unsigned int))
 .text.startup._GLOBAL__sub_I__ZN5daisy11AudioHandle4Impl4InitENS0_6ConfigENS_9SaiHandleE
                0x080020d8       0x24 C:/Users/brand/Desktop/DaisyExamples/libDaisy/build\libdaisy.a(audio.o)
 .text._ZN5daisy13AnalogControl4InitEPtfbbf
                0x080020fc       0x64 C:/Users/brand/Desktop/DaisyExamples/libDaisy/build\libdaisy.a(ctrl.o)
                0x080020fc                daisy::AnalogControl::Init(unsigned short*, float, bool, bool, float)
 .text._ZN5daisy13AnalogControl7ProcessEv
                0x08002160       0x48 C:/Users/brand/Desktop/DaisyExamples/libDaisy/build\libdaisy.a(ctrl.o)
                0x08002160                daisy::AnalogControl::Process()
 .text._ZN5daisy13AnalogControl13SetSampleRateEf
                0x080021a8       0x58 C:/Users/brand/Desktop/DaisyExamples/libDaisy/build\libdaisy.a(ctrl.o)
                0x080021a8                daisy::AnalogControl::SetSampleRate(float)
 .text._ZN5daisy7Encoder4InitE12dsy_gpio_pinS1_S1_f
                0x08002200       0x60 C:/Users/brand/Desktop/DaisyExamples/libDaisy/build\libdaisy.a(encoder.o)
                0x08002200                daisy::Encoder::Init(dsy_gpio_pin, dsy_gpio_pin, dsy_gpio_pin, float)
 .text._ZN5daisy7Encoder8DebounceEv
                0x08002260       0x7c C:/Users/brand/Desktop/DaisyExamples/libDaisy/build\libdaisy.a(encoder.o)
                0x08002260                daisy::Encoder::Debounce()
 .text._ZN5daisy17MidiUartTransport6ConfigC2Ev
                0x080022dc       0x28 C:/Users/brand/Desktop/DaisyExamples/libDaisy/build\libdaisy.a(midi.o)
                0x080022dc                daisy::MidiUartTransport::Config::Config()
                0x080022dc                daisy::MidiUartTransport::Config::Config()
 .text._ZN5daisy10MidiParser5ResetEv
                0x08002304        0xc C:/Users/brand/Desktop/DaisyExamples/libDaisy/build\libdaisy.a(midi_parser.o)
                0x08002304                daisy::MidiParser::Reset()
 .text._ZN5daisy6RgbLed4InitE12dsy_gpio_pinS1_S1_b
                0x08002310       0x50 C:/Users/brand/Desktop/DaisyExamples/libDaisy/build\libdaisy.a(rgb_led.o)
                0x08002310                daisy::RgbLed::Init(dsy_gpio_pin, dsy_gpio_pin, dsy_gpio_pin, bool)
 .text._ZN5daisy6RgbLed3SetEfff
                0x08002360       0x34 C:/Users/brand/Desktop/DaisyExamples/libDaisy/build\libdaisy.a(rgb_led.o)
                0x08002360                daisy::RgbLed::Set(float, float, float)
 .text._ZN5daisy6RgbLed8SetColorENS_5ColorE
                0x08002394       0x2c C:/Users/brand/Desktop/DaisyExamples/libDaisy/build\libdaisy.a(rgb_led.o)
                0x08002394                daisy::RgbLed::SetColor(daisy::Color)
 .text._ZN5daisy6RgbLed6UpdateEv
                0x080023c0       0x1c C:/Users/brand/Desktop/DaisyExamples/libDaisy/build\libdaisy.a(rgb_led.o)
                0x080023c0                daisy::RgbLed::Update()
 .text._ZN5daisy6Switch4InitE12dsy_gpio_pinf
                0x080023dc       0x34 C:/Users/brand/Desktop/DaisyExamples/libDaisy/build\libdaisy.a(switch.o)
                0x080023dc                daisy::Switch::Init(dsy_gpio_pin, float)
 .text._ZN5daisy6Switch8DebounceEv
                0x08002410       0x5c C:/Users/brand/Desktop/DaisyExamples/libDaisy/build\libdaisy.a(switch.o)
                0x08002410                daisy::Switch::Debounce()
 .text._ZN5daisy16AdcChannelConfig10InitSingleE12dsy_gpio_pinNS0_15ConversionSpeedE
                0x0800246c       0x28 C:/Users/brand/Desktop/DaisyExamples/libDaisy/build\libdaisy.a(adc.o)
                0x0800246c                daisy::AdcChannelConfig::InitSingle(dsy_gpio_pin, daisy::AdcChannelConfig::ConversionSpeed)
 .text._ZN5daisy9AdcHandle4InitEPNS_16AdcChannelConfigEjNS0_12OverSamplingE
                0x08002494      0x41c C:/Users/brand/Desktop/DaisyExamples/libDaisy/build\libdaisy.a(adc.o)
                0x08002494                daisy::AdcHandle::Init(daisy::AdcChannelConfig*, unsigned int, daisy::AdcHandle::OverSampling)
 .text._ZN5daisy9AdcHandle5StartEv
                0x080028b0       0x2c C:/Users/brand/Desktop/DaisyExamples/libDaisy/build\libdaisy.a(adc.o)
                0x080028b0                daisy::AdcHandle::Start()
 .text._ZNK5daisy9AdcHandle6GetPtrEh
                0x080028dc       0x14 C:/Users/brand/Desktop/DaisyExamples/libDaisy/build\libdaisy.a(adc.o)
                0x080028dc                daisy::AdcHandle::GetPtr(unsigned char) const
 .text.HAL_ADC_MspInit
                0x080028f0       0x98 C:/Users/brand/Desktop/DaisyExamples/libDaisy/build\libdaisy.a(adc.o)
                0x080028f0                HAL_ADC_MspInit
 .text.DMA1_Stream2_IRQHandler
                0x08002988        0xc C:/Users/brand/Desktop/DaisyExamples/libDaisy/build\libdaisy.a(adc.o)
                0x08002988                DMA1_Stream2_IRQHandler
 .text.HAL_ADC_ConvCpltCallback
                0x08002994      0x148 C:/Users/brand/Desktop/DaisyExamples/libDaisy/build\libdaisy.a(adc.o)
                0x08002994                HAL_ADC_ConvCpltCallback
 .text.HAL_ADC_ErrorCallback
                0x08002adc        0x4 C:/Users/brand/Desktop/DaisyExamples/libDaisy/build\libdaisy.a(adc.o)
                0x08002adc                HAL_ADC_ErrorCallback
 .text._ZN5daisy4GPIO4InitENS_3PinENS0_4ModeENS0_4PullENS0_5SpeedE
                0x08002ae0      0x1cc C:/Users/brand/Desktop/DaisyExamples/libDaisy/build\libdaisy.a(gpio.o)
                0x08002ae0                daisy::GPIO::Init(daisy::Pin, daisy::GPIO::Mode, daisy::GPIO::Pull, daisy::GPIO::Speed)
 .text._ZN5daisy4GPIO4ReadEv
                0x08002cac       0x18 C:/Users/brand/Desktop/DaisyExamples/libDaisy/build\libdaisy.a(gpio.o)
                0x08002cac                daisy::GPIO::Read()
 .text._ZN5daisy4GPIO5WriteEb
                0x08002cc4       0x14 C:/Users/brand/Desktop/DaisyExamples/libDaisy/build\libdaisy.a(gpio.o)
                0x08002cc4                daisy::GPIO::Write(bool)
 .text.dsy_gpio_init
                0x08002cd8      0x1b8 C:/Users/brand/Desktop/DaisyExamples/libDaisy/build\libdaisy.a(gpio.o)
                0x08002cd8                dsy_gpio_init
 .text.dsy_gpio_read
                0x08002e90       0x1c C:/Users/brand/Desktop/DaisyExamples/libDaisy/build\libdaisy.a(gpio.o)
                0x08002e90                dsy_gpio_read
 .text.dsy_gpio_write
                0x08002eac       0x24 C:/Users/brand/Desktop/DaisyExamples/libDaisy/build\libdaisy.a(gpio.o)
                0x08002eac                dsy_gpio_write
 .text._ZN5daisy9I2CHandle4Impl8InitPinsEv
                0x08002ed0       0x58 C:/Users/brand/Desktop/DaisyExamples/libDaisy/build\libdaisy.a(i2c.o)
                0x08002ed0                daisy::I2CHandle::Impl::InitPins()
 .text.HAL_I2C_MspInit
                0x08002f28      0x1b4 C:/Users/brand/Desktop/DaisyExamples/libDaisy/build\libdaisy.a(i2c.o)
                0x08002f28                HAL_I2C_MspInit
 .text.dsy_i2c_global_init
                0x080030dc       0x78 C:/Users/brand/Desktop/DaisyExamples/libDaisy/build\libdaisy.a(i2c.o)
                0x080030dc                dsy_i2c_global_init
 .text.DMA1_Stream6_IRQHandler
                0x08003154       0x34 C:/Users/brand/Desktop/DaisyExamples/libDaisy/build\libdaisy.a(i2c.o)
                0x08003154                DMA1_Stream6_IRQHandler
 .text.I2C1_EV_IRQHandler
                0x08003188        0xc C:/Users/brand/Desktop/DaisyExamples/libDaisy/build\libdaisy.a(i2c.o)
                0x08003188                I2C1_EV_IRQHandler
 .text.I2C2_EV_IRQHandler
                0x08003194        0xc C:/Users/brand/Desktop/DaisyExamples/libDaisy/build\libdaisy.a(i2c.o)
                0x08003194                I2C2_EV_IRQHandler
 .text.I2C3_EV_IRQHandler
                0x080031a0        0xc C:/Users/brand/Desktop/DaisyExamples/libDaisy/build\libdaisy.a(i2c.o)
                0x080031a0                I2C3_EV_IRQHandler
 .text._ZN5daisy9I2CHandle4InitERKNS0_6ConfigE
                0x080031ac      0x12c C:/Users/brand/Desktop/DaisyExamples/libDaisy/build\libdaisy.a(i2c.o)
                0x080031ac                daisy::I2CHandle::Init(daisy::I2CHandle::Config const&)
 .text._ZN5daisy9I2CHandle16TransmitBlockingEtPhtm
                0x080032d8       0x50 C:/Users/brand/Desktop/DaisyExamples/libDaisy/build\libdaisy.a(i2c.o)
                0x080032d8                daisy::I2CHandle::TransmitBlocking(unsigned short, unsigned char*, unsigned short, unsigned long)
 .text.startup._GLOBAL__sub_I__ZN5daisy9I2CHandle4Impl10GlobalInitEv
                0x08003328       0x18 C:/Users/brand/Desktop/DaisyExamples/libDaisy/build\libdaisy.a(i2c.o)
 .text._ZN5daisy10QSPIHandle4Impl11WriteEnableEv
                0x08003340       0x8c C:/Users/brand/Desktop/DaisyExamples/libDaisy/build\libdaisy.a(qspi.o)
                0x08003340                daisy::QSPIHandle::Impl::WriteEnable()
 *fill*         0x080033cc        0x4 
 .text._ZN5daisy10QSPIHandle4Impl17DummyCyclesConfigENS0_6Config6DeviceE
                0x080033d0      0x118 C:/Users/brand/Desktop/DaisyExamples/libDaisy/build\libdaisy.a(qspi.o)
                0x080033d0                daisy::QSPIHandle::Impl::DummyCyclesConfig(daisy::QSPIHandle::Config::Device)
 .text._ZN5daisy10QSPIHandle4Impl10QuadEnableEv
                0x080034e8      0x158 C:/Users/brand/Desktop/DaisyExamples/libDaisy/build\libdaisy.a(qspi.o)
                0x080034e8                daisy::QSPIHandle::Impl::QuadEnable()
 .text._ZN5daisy10QSPIHandle4InitERKNS0_6ConfigE
                0x08003640      0x198 C:/Users/brand/Desktop/DaisyExamples/libDaisy/build\libdaisy.a(qspi.o)
                0x08003640                daisy::QSPIHandle::Init(daisy::QSPIHandle::Config const&)
 .text.HAL_QSPI_MspInit
                0x080037d8      0x11c C:/Users/brand/Desktop/DaisyExamples/libDaisy/build\libdaisy.a(qspi.o)
                0x080037d8                HAL_QSPI_MspInit
 .text.HAL_QSPI_MspDeInit
                0x080038f4       0x54 C:/Users/brand/Desktop/DaisyExamples/libDaisy/build\libdaisy.a(qspi.o)
                0x080038f4                HAL_QSPI_MspDeInit
 .text.QUADSPI_IRQHandler
                0x08003948        0xc C:/Users/brand/Desktop/DaisyExamples/libDaisy/build\libdaisy.a(qspi.o)
                0x08003948                QUADSPI_IRQHandler
 .text.startup._GLOBAL__sub_I__ZN5daisy10QSPIHandle4Impl4InitERKNS0_6ConfigE
                0x08003954       0x28 C:/Users/brand/Desktop/DaisyExamples/libDaisy/build\libdaisy.a(qspi.o)
 .text._ZN5daisy9SaiHandle4Impl7InitDmaENS1_15PeripheralBlockE
                0x0800397c       0xa0 C:/Users/brand/Desktop/DaisyExamples/libDaisy/build\libdaisy.a(sai.o)
                0x0800397c                daisy::SaiHandle::Impl::InitDma(daisy::SaiHandle::Impl::PeripheralBlock)
 .text._ZN5daisy9SaiHandle4Impl8InitPinsEv
                0x08003a1c       0xa8 C:/Users/brand/Desktop/DaisyExamples/libDaisy/build\libdaisy.a(sai.o)
                0x08003a1c                daisy::SaiHandle::Impl::InitPins()
 .text.HAL_SAI_MspInit
                0x08003ac4      0x164 C:/Users/brand/Desktop/DaisyExamples/libDaisy/build\libdaisy.a(sai.o)
                0x08003ac4                HAL_SAI_MspInit
 .text.DMA1_Stream0_IRQHandler
                0x08003c28        0xc C:/Users/brand/Desktop/DaisyExamples/libDaisy/build\libdaisy.a(sai.o)
                0x08003c28                DMA1_Stream0_IRQHandler
 .text.DMA1_Stream1_IRQHandler
                0x08003c34        0xc C:/Users/brand/Desktop/DaisyExamples/libDaisy/build\libdaisy.a(sai.o)
                0x08003c34                DMA1_Stream1_IRQHandler
 .text.DMA1_Stream3_IRQHandler
                0x08003c40        0xc C:/Users/brand/Desktop/DaisyExamples/libDaisy/build\libdaisy.a(sai.o)
                0x08003c40                DMA1_Stream3_IRQHandler
 .text.DMA1_Stream4_IRQHandler
                0x08003c4c        0xc C:/Users/brand/Desktop/DaisyExamples/libDaisy/build\libdaisy.a(sai.o)
                0x08003c4c                DMA1_Stream4_IRQHandler
 .text.HAL_SAI_RxHalfCpltCallback
                0x08003c58       0x78 C:/Users/brand/Desktop/DaisyExamples/libDaisy/build\libdaisy.a(sai.o)
                0x08003c58                HAL_SAI_RxHalfCpltCallback
 .text.HAL_SAI_RxCpltCallback
                0x08003cd0       0x70 C:/Users/brand/Desktop/DaisyExamples/libDaisy/build\libdaisy.a(sai.o)
                0x08003cd0                HAL_SAI_RxCpltCallback
 .text._ZN5daisy9SaiHandle4InitERKNS0_6ConfigE
                0x08003d40      0x1f0 C:/Users/brand/Desktop/DaisyExamples/libDaisy/build\libdaisy.a(sai.o)
                0x08003d40                daisy::SaiHandle::Init(daisy::SaiHandle::Config const&)
 .text._ZNK5daisy9SaiHandle9GetConfigEv
                0x08003f30        0x4 C:/Users/brand/Desktop/DaisyExamples/libDaisy/build\libdaisy.a(sai.o)
                0x08003f30                daisy::SaiHandle::GetConfig() const
 .text._ZN5daisy9SaiHandle8StartDmaEPlS1_jPFvS1_S1_jE
                0x08003f34       0xbc C:/Users/brand/Desktop/DaisyExamples/libDaisy/build\libdaisy.a(sai.o)
                0x08003f34                daisy::SaiHandle::StartDma(long*, long*, unsigned int, void (*)(long*, long*, unsigned int))
 .text._ZN5daisy9SaiHandle13GetSampleRateEv
                0x08003ff0       0x24 C:/Users/brand/Desktop/DaisyExamples/libDaisy/build\libdaisy.a(sai.o)
                0x08003ff0                daisy::SaiHandle::GetSampleRate()
 .text._ZNK5daisy9SaiHandle9GetOffsetEv
                0x08004014        0x8 C:/Users/brand/Desktop/DaisyExamples/libDaisy/build\libdaisy.a(sai.o)
                0x08004014                daisy::SaiHandle::GetOffset() const
 .text._ZL20UART_CheckRxListenerPN5daisy11UartHandler4ImplE
                0x0800401c       0x84 C:/Users/brand/Desktop/DaisyExamples/libDaisy/build\libdaisy.a(uart.o)
 .text._ZN5daisy11UartHandler4Impl10StartDmaTxEPhjPFvPvEPFvS3_NS0_6ResultEES3_
                0x080040a0      0x184 C:/Users/brand/Desktop/DaisyExamples/libDaisy/build\libdaisy.a(uart.o)
                0x080040a0                daisy::UartHandler::Impl::StartDmaTx(unsigned char*, unsigned int, void (*)(void*), void (*)(void*, daisy::UartHandler::Result), void*)
 .text._ZN5daisy11UartHandler4Impl10StartDmaRxEPhjPFvPvEPFvS3_NS0_6ResultEES3_
                0x08004224      0x184 C:/Users/brand/Desktop/DaisyExamples/libDaisy/build\libdaisy.a(uart.o)
                0x08004224                daisy::UartHandler::Impl::StartDmaRx(unsigned char*, unsigned int, void (*)(void*), void (*)(void*, daisy::UartHandler::Result), void*)
 .text._ZN5daisy11UartHandler4Impl19DmaTransferFinishedEP20__UART_HandleTypeDefNS0_6ResultE
                0x080043a8       0xc0 C:/Users/brand/Desktop/DaisyExamples/libDaisy/build\libdaisy.a(uart.o)
                0x080043a8                daisy::UartHandler::Impl::DmaTransferFinished(__UART_HandleTypeDef*, daisy::UartHandler::Result)
 .text._ZN5daisy11UartHandler4Impl8InitPinsEv
                0x08004468      0x154 C:/Users/brand/Desktop/DaisyExamples/libDaisy/build\libdaisy.a(uart.o)
                0x08004468                daisy::UartHandler::Impl::InitPins()
 .text.HAL_UART_MspInit
                0x080045bc      0x210 C:/Users/brand/Desktop/DaisyExamples/libDaisy/build\libdaisy.a(uart.o)
                0x080045bc                HAL_UART_MspInit
 .text.dsy_uart_global_init
                0x080047cc      0x110 C:/Users/brand/Desktop/DaisyExamples/libDaisy/build\libdaisy.a(uart.o)
                0x080047cc                dsy_uart_global_init
 .text.USART1_IRQHandler
                0x080048dc       0x2c C:/Users/brand/Desktop/DaisyExamples/libDaisy/build\libdaisy.a(uart.o)
                0x080048dc                USART1_IRQHandler
 .text.USART2_IRQHandler
                0x08004908       0x34 C:/Users/brand/Desktop/DaisyExamples/libDaisy/build\libdaisy.a(uart.o)
                0x08004908                USART2_IRQHandler
 .text.USART3_IRQHandler
                0x0800493c       0x34 C:/Users/brand/Desktop/DaisyExamples/libDaisy/build\libdaisy.a(uart.o)
                0x0800493c                USART3_IRQHandler
 .text.UART4_IRQHandler
                0x08004970       0x34 C:/Users/brand/Desktop/DaisyExamples/libDaisy/build\libdaisy.a(uart.o)
                0x08004970                UART4_IRQHandler
 .text.UART5_IRQHandler
                0x080049a4       0x34 C:/Users/brand/Desktop/DaisyExamples/libDaisy/build\libdaisy.a(uart.o)
                0x080049a4                UART5_IRQHandler
 .text.USART6_IRQHandler
                0x080049d8       0x34 C:/Users/brand/Desktop/DaisyExamples/libDaisy/build\libdaisy.a(uart.o)
                0x080049d8                USART6_IRQHandler
 .text.UART7_IRQHandler
                0x08004a0c       0x34 C:/Users/brand/Desktop/DaisyExamples/libDaisy/build\libdaisy.a(uart.o)
                0x08004a0c                UART7_IRQHandler
 .text.UART8_IRQHandler
                0x08004a40       0x34 C:/Users/brand/Desktop/DaisyExamples/libDaisy/build\libdaisy.a(uart.o)
                0x08004a40                UART8_IRQHandler
 .text.LPUART1_IRQHandler
                0x08004a74       0x34 C:/Users/brand/Desktop/DaisyExamples/libDaisy/build\libdaisy.a(uart.o)
                0x08004a74                LPUART1_IRQHandler
 .text.DMA1_Stream5_IRQHandler
                0x08004aa8       0x34 C:/Users/brand/Desktop/DaisyExamples/libDaisy/build\libdaisy.a(uart.o)
                0x08004aa8                DMA1_Stream5_IRQHandler
 .text.DMA2_Stream4_IRQHandler
                0x08004adc       0x38 C:/Users/brand/Desktop/DaisyExamples/libDaisy/build\libdaisy.a(uart.o)
                0x08004adc                DMA2_Stream4_IRQHandler
 .text.HAL_UART_TxCpltCallback
                0x08004b14        0x8 C:/Users/brand/Desktop/DaisyExamples/libDaisy/build\libdaisy.a(uart.o)
                0x08004b14                HAL_UART_TxCpltCallback
 .text.HAL_UART_RxCpltCallback
                0x08004b1c       0x94 C:/Users/brand/Desktop/DaisyExamples/libDaisy/build\libdaisy.a(uart.o)
                0x08004b1c                HAL_UART_RxCpltCallback
 .text.HAL_UART_RxHalfCpltCallback
                0x08004bb0       0x90 C:/Users/brand/Desktop/DaisyExamples/libDaisy/build\libdaisy.a(uart.o)
                0x08004bb0                HAL_UART_RxHalfCpltCallback
 .text.HAL_UART_ErrorCallback
                0x08004c40        0x8 C:/Users/brand/Desktop/DaisyExamples/libDaisy/build\libdaisy.a(uart.o)
                0x08004c40                HAL_UART_ErrorCallback
 .text._ZN5daisy11UartHandler4InitERKNS0_6ConfigE
                0x08004c48       0xd4 C:/Users/brand/Desktop/DaisyExamples/libDaisy/build\libdaisy.a(uart.o)
                0x08004c48                daisy::UartHandler::Init(daisy::UartHandler::Config const&)
 .text.startup._GLOBAL__sub_I__Z19MapInstanceToHandleP13USART_TypeDef
                0x08004d1c      0x194 C:/Users/brand/Desktop/DaisyExamples/libDaisy/build\libdaisy.a(uart.o)
 .text.dsy_dma_init
                0x08004eb0      0x100 C:/Users/brand/Desktop/DaisyExamples/libDaisy/build\libdaisy.a(dma.o)
                0x08004eb0                dsy_dma_init
 .text.dsy_dma_invalidate_cache_for_buffer
                0x08004fb0       0x2c C:/Users/brand/Desktop/DaisyExamples/libDaisy/build\libdaisy.a(dma.o)
                0x08004fb0                dsy_dma_invalidate_cache_for_buffer
 .text._ZN5daisy11TimerHandleD2Ev
                0x08004fdc        0x4 C:/Users/brand/Desktop/DaisyExamples/libDaisy/build\libdaisy.a(system.o)
                0x08004fdc                daisy::TimerHandle::~TimerHandle()
                0x08004fdc                daisy::TimerHandle::~TimerHandle()
 .text.SysTick_Handler
                0x08004fe0       0x10 C:/Users/brand/Desktop/DaisyExamples/libDaisy/build\libdaisy.a(system.o)
                0x08004fe0                SysTick_Handler
 .text.OTG_HS_EP1_OUT_IRQHandler
                0x08004ff0       0x24 C:/Users/brand/Desktop/DaisyExamples/libDaisy/build\libdaisy.a(system.o)
                0x08004ff0                OTG_HS_EP1_OUT_IRQHandler
 .text.OTG_HS_EP1_IN_IRQHandler
                0x08005014       0x24 C:/Users/brand/Desktop/DaisyExamples/libDaisy/build\libdaisy.a(system.o)
                0x08005014                OTG_HS_EP1_IN_IRQHandler
 .text.OTG_HS_IRQHandler
                0x08005038       0x24 C:/Users/brand/Desktop/DaisyExamples/libDaisy/build\libdaisy.a(system.o)
                0x08005038                OTG_HS_IRQHandler
 .text.HardFault_Handler
                0x0800505c       0xe0 C:/Users/brand/Desktop/DaisyExamples/libDaisy/build\libdaisy.a(system.o)
                0x0800505c                HardFault_Handler
 .text._ZN5daisy6System6GetNowEv
                0x0800513c        0x4 C:/Users/brand/Desktop/DaisyExamples/libDaisy/build\libdaisy.a(system.o)
                0x0800513c                daisy::System::GetNow()
 .text._ZN5daisy6System5DelayEm
                0x08005140        0x4 C:/Users/brand/Desktop/DaisyExamples/libDaisy/build\libdaisy.a(system.o)
                0x08005140                daisy::System::Delay(unsigned long)
 .text._ZN5daisy6System20GetBootloaderVersionEv
                0x08005144       0x34 C:/Users/brand/Desktop/DaisyExamples/libDaisy/build\libdaisy.a(system.o)
                0x08005144                daisy::System::GetBootloaderVersion()
 .text._ZN5daisy6System15ConfigureClocksEv
                0x08005178      0x194 C:/Users/brand/Desktop/DaisyExamples/libDaisy/build\libdaisy.a(system.o)
                0x08005178                daisy::System::ConfigureClocks()
 .text._ZN5daisy6System12ConfigureMpuEv
                0x0800530c       0x7c C:/Users/brand/Desktop/DaisyExamples/libDaisy/build\libdaisy.a(system.o)
                0x0800530c                daisy::System::ConfigureMpu()
 .text._ZN5daisy6System4InitERKNS0_6ConfigE
                0x08005388       0xec C:/Users/brand/Desktop/DaisyExamples/libDaisy/build\libdaisy.a(system.o)
                0x08005388                daisy::System::Init(daisy::System::Config const&)
 .text._ZN5daisy6System12GetPClk1FreqEv
                0x08005474        0x4 C:/Users/brand/Desktop/DaisyExamples/libDaisy/build\libdaisy.a(system.o)
                0x08005474                daisy::System::GetPClk1Freq()
 .text._ZN5daisy6System22GetProgramMemoryRegionEv
                0x08005478       0x78 C:/Users/brand/Desktop/DaisyExamples/libDaisy/build\libdaisy.a(system.o)
                0x08005478                daisy::System::GetProgramMemoryRegion()
 .text.startup._GLOBAL__sub_I__ZN5daisy9boot_infoE
                0x080054f0       0x1c C:/Users/brand/Desktop/DaisyExamples/libDaisy/build\libdaisy.a(system.o)
 .text.SystemInit
                0x0800550c       0x9c C:/Users/brand/Desktop/DaisyExamples/libDaisy/build\libdaisy.a(system_stm32h7xx.o)
                0x0800550c                SystemInit
 .text.HAL_PCD_SetupStageCallback
                0x080055a8        0xc C:/Users/brand/Desktop/DaisyExamples/libDaisy/build\libdaisy.a(usbd_conf.o)
                0x080055a8                HAL_PCD_SetupStageCallback
 .text.HAL_PCD_DataOutStageCallback
                0x080055b4       0x14 C:/Users/brand/Desktop/DaisyExamples/libDaisy/build\libdaisy.a(usbd_conf.o)
                0x080055b4                HAL_PCD_DataOutStageCallback
 .text.HAL_PCD_DataInStageCallback
                0x080055c8       0x14 C:/Users/brand/Desktop/DaisyExamples/libDaisy/build\libdaisy.a(usbd_conf.o)
                0x080055c8                HAL_PCD_DataInStageCallback
 .text.HAL_PCD_SOFCallback
                0x080055dc        0x8 C:/Users/brand/Desktop/DaisyExamples/libDaisy/build\libdaisy.a(usbd_conf.o)
                0x080055dc                HAL_PCD_SOFCallback
 .text.HAL_PCD_ResetCallback
                0x080055e4       0x24 C:/Users/brand/Desktop/DaisyExamples/libDaisy/build\libdaisy.a(usbd_conf.o)
                0x080055e4                HAL_PCD_ResetCallback
 .text.HAL_PCD_SuspendCallback
                0x08005608       0x30 C:/Users/brand/Desktop/DaisyExamples/libDaisy/build\libdaisy.a(usbd_conf.o)
                0x08005608                HAL_PCD_SuspendCallback
 .text.HAL_PCD_ResumeCallback
                0x08005638        0x8 C:/Users/brand/Desktop/DaisyExamples/libDaisy/build\libdaisy.a(usbd_conf.o)
                0x08005638                HAL_PCD_ResumeCallback
 .text.HAL_PCD_ISOOUTIncompleteCallback
                0x08005640        0x8 C:/Users/brand/Desktop/DaisyExamples/libDaisy/build\libdaisy.a(usbd_conf.o)
                0x08005640                HAL_PCD_ISOOUTIncompleteCallback
 .text.HAL_PCD_ISOINIncompleteCallback
                0x08005648        0x8 C:/Users/brand/Desktop/DaisyExamples/libDaisy/build\libdaisy.a(usbd_conf.o)
                0x08005648                HAL_PCD_ISOINIncompleteCallback
 .text.HAL_PCD_ConnectCallback
                0x08005650        0x8 C:/Users/brand/Desktop/DaisyExamples/libDaisy/build\libdaisy.a(usbd_conf.o)
                0x08005650                HAL_PCD_ConnectCallback
 .text.HAL_PCD_DisconnectCallback
                0x08005658        0x8 C:/Users/brand/Desktop/DaisyExamples/libDaisy/build\libdaisy.a(usbd_conf.o)
                0x08005658                HAL_PCD_DisconnectCallback
 .text.USBD_LL_OpenEP
                0x08005660       0x24 C:/Users/brand/Desktop/DaisyExamples/libDaisy/build\libdaisy.a(usbd_conf.o)
                0x08005660                USBD_LL_OpenEP
 .text.USBD_LL_StallEP
                0x08005684       0x1c C:/Users/brand/Desktop/DaisyExamples/libDaisy/build\libdaisy.a(usbd_conf.o)
                0x08005684                USBD_LL_StallEP
 .text.USBD_LL_ClearStallEP
                0x080056a0       0x1c C:/Users/brand/Desktop/DaisyExamples/libDaisy/build\libdaisy.a(usbd_conf.o)
                0x080056a0                USBD_LL_ClearStallEP
 .text.USBD_LL_IsStallEP
                0x080056bc       0x28 C:/Users/brand/Desktop/DaisyExamples/libDaisy/build\libdaisy.a(usbd_conf.o)
                0x080056bc                USBD_LL_IsStallEP
 .text.USBD_LL_SetUSBAddress
                0x080056e4       0x1c C:/Users/brand/Desktop/DaisyExamples/libDaisy/build\libdaisy.a(usbd_conf.o)
                0x080056e4                USBD_LL_SetUSBAddress
 .text.USBD_LL_Transmit
                0x08005700       0x1c C:/Users/brand/Desktop/DaisyExamples/libDaisy/build\libdaisy.a(usbd_conf.o)
                0x08005700                USBD_LL_Transmit
 .text.USBD_LL_PrepareReceive
                0x0800571c       0x1c C:/Users/brand/Desktop/DaisyExamples/libDaisy/build\libdaisy.a(usbd_conf.o)
                0x0800571c                USBD_LL_PrepareReceive
 .text.HAL_HCD_SOF_Callback
                0x08005738        0x8 C:/Users/brand/Desktop/DaisyExamples/libDaisy/build\libdaisy.a(usbh_conf.o)
                0x08005738                HAL_HCD_SOF_Callback
 .text.HAL_HCD_Connect_Callback
                0x08005740        0x8 C:/Users/brand/Desktop/DaisyExamples/libDaisy/build\libdaisy.a(usbh_conf.o)
                0x08005740                HAL_HCD_Connect_Callback
 .text.HAL_HCD_Disconnect_Callback
                0x08005748        0x8 C:/Users/brand/Desktop/DaisyExamples/libDaisy/build\libdaisy.a(usbh_conf.o)
                0x08005748                HAL_HCD_Disconnect_Callback
 .text.HAL_HCD_HC_NotifyURBChange_Callback
                0x08005750        0x4 C:/Users/brand/Desktop/DaisyExamples/libDaisy/build\libdaisy.a(usbh_conf.o)
                0x08005750                HAL_HCD_HC_NotifyURBChange_Callback
 .text.HAL_HCD_PortEnabled_Callback
                0x08005754        0x8 C:/Users/brand/Desktop/DaisyExamples/libDaisy/build\libdaisy.a(usbh_conf.o)
                0x08005754                HAL_HCD_PortEnabled_Callback
 .text.HAL_HCD_PortDisabled_Callback
                0x0800575c        0x8 C:/Users/brand/Desktop/DaisyExamples/libDaisy/build\libdaisy.a(usbh_conf.o)
                0x0800575c                HAL_HCD_PortDisabled_Callback
 .text.USBH_LL_Stop
                0x08005764       0x1c C:/Users/brand/Desktop/DaisyExamples/libDaisy/build\libdaisy.a(usbh_conf.o)
                0x08005764                USBH_LL_Stop
 .text._ZN5daisy5Color4InitENS0_11PresetColorE
                0x08005780       0x20 C:/Users/brand/Desktop/DaisyExamples/libDaisy/build\libdaisy.a(color.o)
                0x08005780                daisy::Color::Init(daisy::Color::PresetColor)
 .text.dsy_hal_map_get_port
                0x080057a0       0x10 C:/Users/brand/Desktop/DaisyExamples/libDaisy/build\libdaisy.a(hal_map.o)
                0x080057a0                dsy_hal_map_get_port
 .text.dsy_hal_map_get_pin
                0x080057b0       0x10 C:/Users/brand/Desktop/DaisyExamples/libDaisy/build\libdaisy.a(hal_map.o)
                0x080057b0                dsy_hal_map_get_pin
 .text.dsy_hal_map_gpio_clk_enable
                0x080057c0      0x150 C:/Users/brand/Desktop/DaisyExamples/libDaisy/build\libdaisy.a(hal_map.o)
                0x080057c0                dsy_hal_map_gpio_clk_enable
 .text.HAL_MspInit
                0x08005910        0x4 C:/Users/brand/Desktop/DaisyExamples/libDaisy/build\libdaisy.a(stm32h7xx_hal.o)
                0x08005910                HAL_MspInit
 .text.HAL_InitTick
                0x08005914       0x4c C:/Users/brand/Desktop/DaisyExamples/libDaisy/build\libdaisy.a(stm32h7xx_hal.o)
                0x08005914                HAL_InitTick
 .text.HAL_Init
                0x08005960       0x60 C:/Users/brand/Desktop/DaisyExamples/libDaisy/build\libdaisy.a(stm32h7xx_hal.o)
                0x08005960                HAL_Init
 .text.HAL_IncTick
                0x080059c0       0x18 C:/Users/brand/Desktop/DaisyExamples/libDaisy/build\libdaisy.a(stm32h7xx_hal.o)
                0x080059c0                HAL_IncTick
 .text.HAL_GetTick
                0x080059d8        0xc C:/Users/brand/Desktop/DaisyExamples/libDaisy/build\libdaisy.a(stm32h7xx_hal.o)
                0x080059d8                HAL_GetTick
 .text.HAL_Delay
                0x080059e4       0x24 C:/Users/brand/Desktop/DaisyExamples/libDaisy/build\libdaisy.a(stm32h7xx_hal.o)
                0x080059e4                HAL_Delay
 .text.HAL_GetREVID
                0x08005a08        0xc C:/Users/brand/Desktop/DaisyExamples/libDaisy/build\libdaisy.a(stm32h7xx_hal.o)
                0x08005a08                HAL_GetREVID
 .text.HAL_ADC_ConvHalfCpltCallback
                0x08005a14        0x4 C:/Users/brand/Desktop/DaisyExamples/libDaisy/build\libdaisy.a(stm32h7xx_hal_adc.o)
                0x08005a14                HAL_ADC_ConvHalfCpltCallback
 .text.ADC_DMAHalfConvCplt
                0x08005a18        0xc C:/Users/brand/Desktop/DaisyExamples/libDaisy/build\libdaisy.a(stm32h7xx_hal_adc.o)
                0x08005a18                ADC_DMAHalfConvCplt
 .text.ADC_DMAConvCplt
                0x08005a24       0x6c C:/Users/brand/Desktop/DaisyExamples/libDaisy/build\libdaisy.a(stm32h7xx_hal_adc.o)
                0x08005a24                ADC_DMAConvCplt
 .text.ADC_DMAError
                0x08005a90       0x1c C:/Users/brand/Desktop/DaisyExamples/libDaisy/build\libdaisy.a(stm32h7xx_hal_adc.o)
                0x08005a90                ADC_DMAError
 .text.HAL_ADC_ConfigChannel
                0x08005aac      0x3fc C:/Users/brand/Desktop/DaisyExamples/libDaisy/build\libdaisy.a(stm32h7xx_hal_adc.o)
                0x08005aac                HAL_ADC_ConfigChannel
 .text.ADC_Enable
                0x08005ea8       0xac C:/Users/brand/Desktop/DaisyExamples/libDaisy/build\libdaisy.a(stm32h7xx_hal_adc.o)
                0x08005ea8                ADC_Enable
 .text.HAL_ADC_Start_DMA
                0x08005f54      0x114 C:/Users/brand/Desktop/DaisyExamples/libDaisy/build\libdaisy.a(stm32h7xx_hal_adc.o)
                0x08005f54                HAL_ADC_Start_DMA
 .text.ADC_Disable
                0x08006068       0x68 C:/Users/brand/Desktop/DaisyExamples/libDaisy/build\libdaisy.a(stm32h7xx_hal_adc.o)
                0x08006068                ADC_Disable
 .text.ADC_ConfigureBoostMode
                0x080060d0      0x184 C:/Users/brand/Desktop/DaisyExamples/libDaisy/build\libdaisy.a(stm32h7xx_hal_adc.o)
                0x080060d0                ADC_ConfigureBoostMode
 .text.HAL_ADC_Init
                0x08006254      0x218 C:/Users/brand/Desktop/DaisyExamples/libDaisy/build\libdaisy.a(stm32h7xx_hal_adc.o)
                0x08006254                HAL_ADC_Init
 .text.HAL_ADCEx_Calibration_Start
                0x0800646c       0xa4 C:/Users/brand/Desktop/DaisyExamples/libDaisy/build\libdaisy.a(stm32h7xx_hal_adc_ex.o)
                0x0800646c                HAL_ADCEx_Calibration_Start
 .text.HAL_ADCEx_MultiModeConfigChannel
                0x08006510       0xc4 C:/Users/brand/Desktop/DaisyExamples/libDaisy/build\libdaisy.a(stm32h7xx_hal_adc_ex.o)
                0x08006510                HAL_ADCEx_MultiModeConfigChannel
 .text.HAL_NVIC_SetPriorityGrouping
                0x080065d4       0x24 C:/Users/brand/Desktop/DaisyExamples/libDaisy/build\libdaisy.a(stm32h7xx_hal_cortex.o)
                0x080065d4                HAL_NVIC_SetPriorityGrouping
 .text.HAL_NVIC_SetPriority
                0x080065f8       0x7c C:/Users/brand/Desktop/DaisyExamples/libDaisy/build\libdaisy.a(stm32h7xx_hal_cortex.o)
                0x080065f8                HAL_NVIC_SetPriority
 .text.HAL_NVIC_EnableIRQ
                0x08006674       0x1c C:/Users/brand/Desktop/DaisyExamples/libDaisy/build\libdaisy.a(stm32h7xx_hal_cortex.o)
                0x08006674                HAL_NVIC_EnableIRQ
 .text.HAL_NVIC_DisableIRQ
                0x08006690       0x28 C:/Users/brand/Desktop/DaisyExamples/libDaisy/build\libdaisy.a(stm32h7xx_hal_cortex.o)
                0x08006690                HAL_NVIC_DisableIRQ
 .text.HAL_SYSTICK_Config
                0x080066b8       0x2c C:/Users/brand/Desktop/DaisyExamples/libDaisy/build\libdaisy.a(stm32h7xx_hal_cortex.o)
                0x080066b8                HAL_SYSTICK_Config
 .text.HAL_MPU_Disable
                0x080066e4       0x1c C:/Users/brand/Desktop/DaisyExamples/libDaisy/build\libdaisy.a(stm32h7xx_hal_cortex.o)
                0x080066e4                HAL_MPU_Disable
 .text.HAL_MPU_Enable
                0x08006700       0x20 C:/Users/brand/Desktop/DaisyExamples/libDaisy/build\libdaisy.a(stm32h7xx_hal_cortex.o)
                0x08006700                HAL_MPU_Enable
 .text.HAL_MPU_ConfigRegion
                0x08006720       0x64 C:/Users/brand/Desktop/DaisyExamples/libDaisy/build\libdaisy.a(stm32h7xx_hal_cortex.o)
                0x08006720                HAL_MPU_ConfigRegion
 .text.HAL_SYSTICK_Callback
                0x08006784        0x4 C:/Users/brand/Desktop/DaisyExamples/libDaisy/build\libdaisy.a(stm32h7xx_hal_cortex.o)
                0x08006784                HAL_SYSTICK_Callback
 .text.HAL_SYSTICK_IRQHandler
                0x08006788        0x8 C:/Users/brand/Desktop/DaisyExamples/libDaisy/build\libdaisy.a(stm32h7xx_hal_cortex.o)
                0x08006788                HAL_SYSTICK_IRQHandler
 .text.DMA_CalcBaseAndBitshift
                0x08006790       0xf4 C:/Users/brand/Desktop/DaisyExamples/libDaisy/build\libdaisy.a(stm32h7xx_hal_dma.o)
 .text.DMA_CalcDMAMUXChannelBaseAndMask
                0x08006884       0xd8 C:/Users/brand/Desktop/DaisyExamples/libDaisy/build\libdaisy.a(stm32h7xx_hal_dma.o)
 .text.HAL_DMA_Init
                0x0800695c      0x37c C:/Users/brand/Desktop/DaisyExamples/libDaisy/build\libdaisy.a(stm32h7xx_hal_dma.o)
                0x0800695c                HAL_DMA_Init
 .text.HAL_DMA_Start_IT
                0x08006cd8      0x240 C:/Users/brand/Desktop/DaisyExamples/libDaisy/build\libdaisy.a(stm32h7xx_hal_dma.o)
                0x08006cd8                HAL_DMA_Start_IT
 .text.HAL_DMA_Abort_IT
                0x08006f18      0x134 C:/Users/brand/Desktop/DaisyExamples/libDaisy/build\libdaisy.a(stm32h7xx_hal_dma.o)
                0x08006f18                HAL_DMA_Abort_IT
 .text.HAL_DMA_IRQHandler
                0x0800704c      0x6a0 C:/Users/brand/Desktop/DaisyExamples/libDaisy/build\libdaisy.a(stm32h7xx_hal_dma.o)
                0x0800704c                HAL_DMA_IRQHandler
 .text.HAL_DMA_GetError
                0x080076ec        0x4 C:/Users/brand/Desktop/DaisyExamples/libDaisy/build\libdaisy.a(stm32h7xx_hal_dma.o)
                0x080076ec                HAL_DMA_GetError
 .text.HAL_GPIO_Init
                0x080076f0      0x280 C:/Users/brand/Desktop/DaisyExamples/libDaisy/build\libdaisy.a(stm32h7xx_hal_gpio.o)
                0x080076f0                HAL_GPIO_Init
 .text.HAL_GPIO_DeInit
                0x08007970      0x190 C:/Users/brand/Desktop/DaisyExamples/libDaisy/build\libdaisy.a(stm32h7xx_hal_gpio.o)
                0x08007970                HAL_GPIO_DeInit
 .text.HAL_GPIO_ReadPin
                0x08007b00        0xc C:/Users/brand/Desktop/DaisyExamples/libDaisy/build\libdaisy.a(stm32h7xx_hal_gpio.o)
                0x08007b00                HAL_GPIO_ReadPin
 .text.HAL_GPIO_WritePin
                0x08007b0c        0x8 C:/Users/brand/Desktop/DaisyExamples/libDaisy/build\libdaisy.a(stm32h7xx_hal_gpio.o)
                0x08007b0c                HAL_GPIO_WritePin
 .text.HAL_HCD_IRQHandler
                0x08007b14      0x780 C:/Users/brand/Desktop/DaisyExamples/libDaisy/build\libdaisy.a(stm32h7xx_hal_hcd.o)
                0x08007b14                HAL_HCD_IRQHandler
 .text.HAL_HCD_Stop
                0x08008294       0x28 C:/Users/brand/Desktop/DaisyExamples/libDaisy/build\libdaisy.a(stm32h7xx_hal_hcd.o)
                0x08008294                HAL_HCD_Stop
 .text.I2C_WaitOnTXISFlagUntilTimeout
                0x080082bc       0xb8 C:/Users/brand/Desktop/DaisyExamples/libDaisy/build\libdaisy.a(stm32h7xx_hal_i2c.o)
 .text.I2C_WaitOnSTOPFlagUntilTimeout
                0x08008374       0xac C:/Users/brand/Desktop/DaisyExamples/libDaisy/build\libdaisy.a(stm32h7xx_hal_i2c.o)
 .text.HAL_I2C_Init
                0x08008420       0xac C:/Users/brand/Desktop/DaisyExamples/libDaisy/build\libdaisy.a(stm32h7xx_hal_i2c.o)
                0x08008420                HAL_I2C_Init
 .text.HAL_I2C_Master_Transmit
                0x080084cc      0x1a8 C:/Users/brand/Desktop/DaisyExamples/libDaisy/build\libdaisy.a(stm32h7xx_hal_i2c.o)
                0x080084cc                HAL_I2C_Master_Transmit
 .text.HAL_I2C_Slave_Transmit
                0x08008674      0x1c8 C:/Users/brand/Desktop/DaisyExamples/libDaisy/build\libdaisy.a(stm32h7xx_hal_i2c.o)
                0x08008674                HAL_I2C_Slave_Transmit
 .text.HAL_I2C_EV_IRQHandler
                0x0800883c       0x10 C:/Users/brand/Desktop/DaisyExamples/libDaisy/build\libdaisy.a(stm32h7xx_hal_i2c.o)
                0x0800883c                HAL_I2C_EV_IRQHandler
 .text.HAL_I2C_GetState
                0x0800884c        0x8 C:/Users/brand/Desktop/DaisyExamples/libDaisy/build\libdaisy.a(stm32h7xx_hal_i2c.o)
                0x0800884c                HAL_I2C_GetState
 .text.HAL_I2CEx_ConfigAnalogFilter
                0x08008854       0x54 C:/Users/brand/Desktop/DaisyExamples/libDaisy/build\libdaisy.a(stm32h7xx_hal_i2c_ex.o)
                0x08008854                HAL_I2CEx_ConfigAnalogFilter
 .text.HAL_I2CEx_ConfigDigitalFilter
                0x080088a8       0x58 C:/Users/brand/Desktop/DaisyExamples/libDaisy/build\libdaisy.a(stm32h7xx_hal_i2c_ex.o)
                0x080088a8                HAL_I2CEx_ConfigDigitalFilter
 .text.HAL_PCD_IRQHandler
                0x08008900      0x69c C:/Users/brand/Desktop/DaisyExamples/libDaisy/build\libdaisy.a(stm32h7xx_hal_pcd.o)
                0x08008900                HAL_PCD_IRQHandler
 .text.HAL_PCD_SetAddress
                0x08008f9c       0x2c C:/Users/brand/Desktop/DaisyExamples/libDaisy/build\libdaisy.a(stm32h7xx_hal_pcd.o)
                0x08008f9c                HAL_PCD_SetAddress
 .text.HAL_PCD_EP_Open
                0x08008fc8       0x7c C:/Users/brand/Desktop/DaisyExamples/libDaisy/build\libdaisy.a(stm32h7xx_hal_pcd.o)
                0x08008fc8                HAL_PCD_EP_Open
 .text.HAL_PCD_EP_Receive
                0x08009044       0x50 C:/Users/brand/Desktop/DaisyExamples/libDaisy/build\libdaisy.a(stm32h7xx_hal_pcd.o)
                0x08009044                HAL_PCD_EP_Receive
 .text.HAL_PCD_EP_Transmit
                0x08009094       0x50 C:/Users/brand/Desktop/DaisyExamples/libDaisy/build\libdaisy.a(stm32h7xx_hal_pcd.o)
                0x08009094                HAL_PCD_EP_Transmit
 .text.HAL_PCD_EP_SetStall
                0x080090e4       0x88 C:/Users/brand/Desktop/DaisyExamples/libDaisy/build\libdaisy.a(stm32h7xx_hal_pcd.o)
                0x080090e4                HAL_PCD_EP_SetStall
 .text.HAL_PCD_EP_ClrStall
                0x0800916c       0x78 C:/Users/brand/Desktop/DaisyExamples/libDaisy/build\libdaisy.a(stm32h7xx_hal_pcd.o)
                0x0800916c                HAL_PCD_EP_ClrStall
 .text.HAL_PCDEx_LPM_Callback
                0x080091e4        0x4 C:/Users/brand/Desktop/DaisyExamples/libDaisy/build\libdaisy.a(stm32h7xx_hal_pcd_ex.o)
                0x080091e4                HAL_PCDEx_LPM_Callback
 .text.HAL_PWREx_ConfigSupply
                0x080091e8       0x4c C:/Users/brand/Desktop/DaisyExamples/libDaisy/build\libdaisy.a(stm32h7xx_hal_pwr_ex.o)
                0x080091e8                HAL_PWREx_ConfigSupply
 .text.HAL_PWREx_EnableUSBVoltageDetector
                0x08009234       0x10 C:/Users/brand/Desktop/DaisyExamples/libDaisy/build\libdaisy.a(stm32h7xx_hal_pwr_ex.o)
                0x08009234                HAL_PWREx_EnableUSBVoltageDetector
 .text.QSPI_Config
                0x08009244      0x174 C:/Users/brand/Desktop/DaisyExamples/libDaisy/build\libdaisy.a(stm32h7xx_hal_qspi.o)
 .text.HAL_QSPI_Init
                0x080093b8       0xd8 C:/Users/brand/Desktop/DaisyExamples/libDaisy/build\libdaisy.a(stm32h7xx_hal_qspi.o)
                0x080093b8                HAL_QSPI_Init
 .text.HAL_QSPI_DeInit
                0x08009490       0x3c C:/Users/brand/Desktop/DaisyExamples/libDaisy/build\libdaisy.a(stm32h7xx_hal_qspi.o)
                0x08009490                HAL_QSPI_DeInit
 .text.HAL_QSPI_Command
                0x080094cc       0xd4 C:/Users/brand/Desktop/DaisyExamples/libDaisy/build\libdaisy.a(stm32h7xx_hal_qspi.o)
                0x080094cc                HAL_QSPI_Command
 .text.HAL_QSPI_Transmit
                0x080095a0       0xfc C:/Users/brand/Desktop/DaisyExamples/libDaisy/build\libdaisy.a(stm32h7xx_hal_qspi.o)
                0x080095a0                HAL_QSPI_Transmit
 .text.HAL_QSPI_Receive
                0x0800969c      0x108 C:/Users/brand/Desktop/DaisyExamples/libDaisy/build\libdaisy.a(stm32h7xx_hal_qspi.o)
                0x0800969c                HAL_QSPI_Receive
 .text.HAL_QSPI_AutoPolling
                0x080097a4       0xf0 C:/Users/brand/Desktop/DaisyExamples/libDaisy/build\libdaisy.a(stm32h7xx_hal_qspi.o)
                0x080097a4                HAL_QSPI_AutoPolling
 .text.HAL_QSPI_MemoryMapped
                0x08009894       0xc0 C:/Users/brand/Desktop/DaisyExamples/libDaisy/build\libdaisy.a(stm32h7xx_hal_qspi.o)
                0x08009894                HAL_QSPI_MemoryMapped
 .text.HAL_QSPI_ErrorCallback
                0x08009954        0x4 C:/Users/brand/Desktop/DaisyExamples/libDaisy/build\libdaisy.a(stm32h7xx_hal_qspi.o)
                0x08009954                HAL_QSPI_ErrorCallback
 .text.QSPI_DMAAbortCplt
                0x08009958       0x38 C:/Users/brand/Desktop/DaisyExamples/libDaisy/build\libdaisy.a(stm32h7xx_hal_qspi.o)
 .text.HAL_QSPI_AbortCpltCallback
                0x08009990        0x4 C:/Users/brand/Desktop/DaisyExamples/libDaisy/build\libdaisy.a(stm32h7xx_hal_qspi.o)
                0x08009990                HAL_QSPI_AbortCpltCallback
 .text.HAL_QSPI_CmdCpltCallback
                0x08009994        0x4 C:/Users/brand/Desktop/DaisyExamples/libDaisy/build\libdaisy.a(stm32h7xx_hal_qspi.o)
                0x08009994                HAL_QSPI_CmdCpltCallback
 .text.HAL_QSPI_RxCpltCallback
                0x08009998        0x4 C:/Users/brand/Desktop/DaisyExamples/libDaisy/build\libdaisy.a(stm32h7xx_hal_qspi.o)
                0x08009998                HAL_QSPI_RxCpltCallback
 .text.HAL_QSPI_TxCpltCallback
                0x0800999c        0x4 C:/Users/brand/Desktop/DaisyExamples/libDaisy/build\libdaisy.a(stm32h7xx_hal_qspi.o)
                0x0800999c                HAL_QSPI_TxCpltCallback
 .text.HAL_QSPI_FifoThresholdCallback
                0x080099a0        0x4 C:/Users/brand/Desktop/DaisyExamples/libDaisy/build\libdaisy.a(stm32h7xx_hal_qspi.o)
                0x080099a0                HAL_QSPI_FifoThresholdCallback
 .text.HAL_QSPI_StatusMatchCallback
                0x080099a4        0x4 C:/Users/brand/Desktop/DaisyExamples/libDaisy/build\libdaisy.a(stm32h7xx_hal_qspi.o)
                0x080099a4                HAL_QSPI_StatusMatchCallback
 .text.HAL_QSPI_TimeOutCallback
                0x080099a8        0x4 C:/Users/brand/Desktop/DaisyExamples/libDaisy/build\libdaisy.a(stm32h7xx_hal_qspi.o)
                0x080099a8                HAL_QSPI_TimeOutCallback
 .text.HAL_QSPI_IRQHandler
                0x080099ac      0x210 C:/Users/brand/Desktop/DaisyExamples/libDaisy/build\libdaisy.a(stm32h7xx_hal_qspi.o)
                0x080099ac                HAL_QSPI_IRQHandler
 .text.HAL_RCC_OscConfig
                0x08009bbc      0x51c C:/Users/brand/Desktop/DaisyExamples/libDaisy/build\libdaisy.a(stm32h7xx_hal_rcc.o)
                0x08009bbc                HAL_RCC_OscConfig
 .text.HAL_RCC_GetSysClockFreq
                0x0800a0d8      0x140 C:/Users/brand/Desktop/DaisyExamples/libDaisy/build\libdaisy.a(stm32h7xx_hal_rcc.o)
                0x0800a0d8                HAL_RCC_GetSysClockFreq
 .text.HAL_RCC_ClockConfig
                0x0800a218      0x234 C:/Users/brand/Desktop/DaisyExamples/libDaisy/build\libdaisy.a(stm32h7xx_hal_rcc.o)
                0x0800a218                HAL_RCC_ClockConfig
 .text.HAL_RCC_GetHCLKFreq
                0x0800a44c       0x2c C:/Users/brand/Desktop/DaisyExamples/libDaisy/build\libdaisy.a(stm32h7xx_hal_rcc.o)
                0x0800a44c                HAL_RCC_GetHCLKFreq
 .text.HAL_RCC_GetPCLK1Freq
                0x0800a478       0x38 C:/Users/brand/Desktop/DaisyExamples/libDaisy/build\libdaisy.a(stm32h7xx_hal_rcc.o)
                0x0800a478                HAL_RCC_GetPCLK1Freq
 .text.HAL_RCC_GetPCLK2Freq
                0x0800a4b0       0x38 C:/Users/brand/Desktop/DaisyExamples/libDaisy/build\libdaisy.a(stm32h7xx_hal_rcc.o)
                0x0800a4b0                HAL_RCC_GetPCLK2Freq
 .text.RCCEx_PLL2_Config
                0x0800a4e8       0xf4 C:/Users/brand/Desktop/DaisyExamples/libDaisy/build\libdaisy.a(stm32h7xx_hal_rcc_ex.o)
 .text.RCCEx_PLL3_Config
                0x0800a5dc       0xf4 C:/Users/brand/Desktop/DaisyExamples/libDaisy/build\libdaisy.a(stm32h7xx_hal_rcc_ex.o)
 .text.HAL_RCCEx_PeriphCLKConfig
                0x0800a6d0      0xa7c C:/Users/brand/Desktop/DaisyExamples/libDaisy/build\libdaisy.a(stm32h7xx_hal_rcc_ex.o)
                0x0800a6d0                HAL_RCCEx_PeriphCLKConfig
 .text.HAL_RCCEx_GetD3PCLK1Freq
                0x0800b14c       0x24 C:/Users/brand/Desktop/DaisyExamples/libDaisy/build\libdaisy.a(stm32h7xx_hal_rcc_ex.o)
                0x0800b14c                HAL_RCCEx_GetD3PCLK1Freq
 .text.HAL_RCCEx_GetPLL2ClockFreq
                0x0800b170      0x17c C:/Users/brand/Desktop/DaisyExamples/libDaisy/build\libdaisy.a(stm32h7xx_hal_rcc_ex.o)
                0x0800b170                HAL_RCCEx_GetPLL2ClockFreq
 .text.HAL_RCCEx_GetPLL3ClockFreq
                0x0800b2ec      0x17c C:/Users/brand/Desktop/DaisyExamples/libDaisy/build\libdaisy.a(stm32h7xx_hal_rcc_ex.o)
                0x0800b2ec                HAL_RCCEx_GetPLL3ClockFreq
 .text.HAL_RCCEx_GetPLL1ClockFreq
                0x0800b468      0x17c C:/Users/brand/Desktop/DaisyExamples/libDaisy/build\libdaisy.a(stm32h7xx_hal_rcc_ex.o)
                0x0800b468                HAL_RCCEx_GetPLL1ClockFreq
 .text.HAL_RCCEx_GetPeriphCLKFreq
                0x0800b5e4      0x198 C:/Users/brand/Desktop/DaisyExamples/libDaisy/build\libdaisy.a(stm32h7xx_hal_rcc_ex.o)
                0x0800b5e4                HAL_RCCEx_GetPeriphCLKFreq
 .text.HAL_RCCEx_GetD1SysClockFreq
                0x0800b77c       0x2c C:/Users/brand/Desktop/DaisyExamples/libDaisy/build\libdaisy.a(stm32h7xx_hal_rcc_ex.o)
                0x0800b77c                HAL_RCCEx_GetD1SysClockFreq
 .text.HAL_SAI_Init.part.0
                0x0800b7a8      0x348 C:/Users/brand/Desktop/DaisyExamples/libDaisy/build\libdaisy.a(stm32h7xx_hal_sai.o)
 .text.HAL_SAI_InitProtocol
                0x0800baf0      0x178 C:/Users/brand/Desktop/DaisyExamples/libDaisy/build\libdaisy.a(stm32h7xx_hal_sai.o)
                0x0800baf0                HAL_SAI_InitProtocol
 .text.HAL_SAI_Transmit_DMA
                0x0800bc68      0x124 C:/Users/brand/Desktop/DaisyExamples/libDaisy/build\libdaisy.a(stm32h7xx_hal_sai.o)
                0x0800bc68                HAL_SAI_Transmit_DMA
 .text.HAL_SAI_Receive_DMA
                0x0800bd8c       0xd0 C:/Users/brand/Desktop/DaisyExamples/libDaisy/build\libdaisy.a(stm32h7xx_hal_sai.o)
                0x0800bd8c                HAL_SAI_Receive_DMA
 .text.HAL_SAI_TxCpltCallback
                0x0800be5c        0x4 C:/Users/brand/Desktop/DaisyExamples/libDaisy/build\libdaisy.a(stm32h7xx_hal_sai.o)
                0x0800be5c                HAL_SAI_TxCpltCallback
 .text.SAI_DMATxCplt
                0x0800be60       0x64 C:/Users/brand/Desktop/DaisyExamples/libDaisy/build\libdaisy.a(stm32h7xx_hal_sai.o)
 .text.HAL_SAI_TxHalfCpltCallback
                0x0800bec4        0x4 C:/Users/brand/Desktop/DaisyExamples/libDaisy/build\libdaisy.a(stm32h7xx_hal_sai.o)
                0x0800bec4                HAL_SAI_TxHalfCpltCallback
 .text.SAI_DMATxHalfCplt
                0x0800bec8        0xc C:/Users/brand/Desktop/DaisyExamples/libDaisy/build\libdaisy.a(stm32h7xx_hal_sai.o)
 .text.SAI_DMARxCplt
                0x0800bed4       0x64 C:/Users/brand/Desktop/DaisyExamples/libDaisy/build\libdaisy.a(stm32h7xx_hal_sai.o)
 .text.SAI_DMARxHalfCplt
                0x0800bf38        0xc C:/Users/brand/Desktop/DaisyExamples/libDaisy/build\libdaisy.a(stm32h7xx_hal_sai.o)
 .text.HAL_SAI_ErrorCallback
                0x0800bf44        0x4 C:/Users/brand/Desktop/DaisyExamples/libDaisy/build\libdaisy.a(stm32h7xx_hal_sai.o)
                0x0800bf44                HAL_SAI_ErrorCallback
 .text.SAI_DMAError
                0x0800bf48       0x6c C:/Users/brand/Desktop/DaisyExamples/libDaisy/build\libdaisy.a(stm32h7xx_hal_sai.o)
 .text.HAL_SDRAM_Init
                0x0800bfb4       0x54 C:/Users/brand/Desktop/DaisyExamples/libDaisy/build\libdaisy.a(stm32h7xx_hal_sdram.o)
                0x0800bfb4                HAL_SDRAM_Init
 .text.HAL_SDRAM_SendCommand
                0x0800c008       0x40 C:/Users/brand/Desktop/DaisyExamples/libDaisy/build\libdaisy.a(stm32h7xx_hal_sdram.o)
                0x0800c008                HAL_SDRAM_SendCommand
 .text.HAL_SDRAM_ProgramRefreshRate
                0x0800c048       0x30 C:/Users/brand/Desktop/DaisyExamples/libDaisy/build\libdaisy.a(stm32h7xx_hal_sdram.o)
                0x0800c048                HAL_SDRAM_ProgramRefreshRate
 .text.HAL_UART_Transmit_DMA
                0x0800c078       0xa4 C:/Users/brand/Desktop/DaisyExamples/libDaisy/build\libdaisy.a(stm32h7xx_hal_uart.o)
                0x0800c078                HAL_UART_Transmit_DMA
 .text.HAL_UART_Receive_DMA
                0x0800c11c       0xac C:/Users/brand/Desktop/DaisyExamples/libDaisy/build\libdaisy.a(stm32h7xx_hal_uart.o)
                0x0800c11c                HAL_UART_Receive_DMA
 .text.UART_DMATransmitCplt
                0x0800c1c8       0x2c C:/Users/brand/Desktop/DaisyExamples/libDaisy/build\libdaisy.a(stm32h7xx_hal_uart.o)
 .text.HAL_UART_TxHalfCpltCallback
                0x0800c1f4        0x4 C:/Users/brand/Desktop/DaisyExamples/libDaisy/build\libdaisy.a(stm32h7xx_hal_uart.o)
                0x0800c1f4                HAL_UART_TxHalfCpltCallback
 .text.UART_DMATxHalfCplt
                0x0800c1f8        0xc C:/Users/brand/Desktop/DaisyExamples/libDaisy/build\libdaisy.a(stm32h7xx_hal_uart.o)
 .text.UART_DMAReceiveCplt
                0x0800c204       0x38 C:/Users/brand/Desktop/DaisyExamples/libDaisy/build\libdaisy.a(stm32h7xx_hal_uart.o)
 .text.UART_DMARxHalfCplt
                0x0800c23c        0xc C:/Users/brand/Desktop/DaisyExamples/libDaisy/build\libdaisy.a(stm32h7xx_hal_uart.o)
 .text.UART_DMAError
                0x0800c248       0x78 C:/Users/brand/Desktop/DaisyExamples/libDaisy/build\libdaisy.a(stm32h7xx_hal_uart.o)
 .text.HAL_UART_IRQHandler
                0x0800c2c0      0x1d0 C:/Users/brand/Desktop/DaisyExamples/libDaisy/build\libdaisy.a(stm32h7xx_hal_uart.o)
                0x0800c2c0                HAL_UART_IRQHandler
 .text.UART_DMAAbortOnError
                0x0800c490       0x14 C:/Users/brand/Desktop/DaisyExamples/libDaisy/build\libdaisy.a(stm32h7xx_hal_uart.o)
 .text.HAL_UART_GetState
                0x0800c4a4        0xc C:/Users/brand/Desktop/DaisyExamples/libDaisy/build\libdaisy.a(stm32h7xx_hal_uart.o)
                0x0800c4a4                HAL_UART_GetState
 .text.UART_SetConfig
                0x0800c4b0     0x14b8 C:/Users/brand/Desktop/DaisyExamples/libDaisy/build\libdaisy.a(stm32h7xx_hal_uart.o)
                0x0800c4b0                UART_SetConfig
 .text.UART_AdvFeatureConfig
                0x0800d968       0xb0 C:/Users/brand/Desktop/DaisyExamples/libDaisy/build\libdaisy.a(stm32h7xx_hal_uart.o)
                0x0800d968                UART_AdvFeatureConfig
 .text.UART_CheckIdleState
                0x0800da18       0x84 C:/Users/brand/Desktop/DaisyExamples/libDaisy/build\libdaisy.a(stm32h7xx_hal_uart.o)
                0x0800da18                UART_CheckIdleState
 .text.HAL_UART_Init
                0x0800da9c       0x68 C:/Users/brand/Desktop/DaisyExamples/libDaisy/build\libdaisy.a(stm32h7xx_hal_uart.o)
                0x0800da9c                HAL_UART_Init
 .text.HAL_UARTEx_WakeupCallback
                0x0800db04        0x4 C:/Users/brand/Desktop/DaisyExamples/libDaisy/build\libdaisy.a(stm32h7xx_hal_uart_ex.o)
                0x0800db04                HAL_UARTEx_WakeupCallback
 .text.HAL_UARTEx_RxFifoFullCallback
                0x0800db08        0x4 C:/Users/brand/Desktop/DaisyExamples/libDaisy/build\libdaisy.a(stm32h7xx_hal_uart_ex.o)
                0x0800db08                HAL_UARTEx_RxFifoFullCallback
 .text.HAL_UARTEx_TxFifoEmptyCallback
                0x0800db0c        0x4 C:/Users/brand/Desktop/DaisyExamples/libDaisy/build\libdaisy.a(stm32h7xx_hal_uart_ex.o)
                0x0800db0c                HAL_UARTEx_TxFifoEmptyCallback
 .text.HAL_UARTEx_DisableFifoMode
                0x0800db10       0x3c C:/Users/brand/Desktop/DaisyExamples/libDaisy/build\libdaisy.a(stm32h7xx_hal_uart_ex.o)
                0x0800db10                HAL_UARTEx_DisableFifoMode
 .text.HAL_UARTEx_SetTxFifoThreshold
                0x0800db4c       0x9c C:/Users/brand/Desktop/DaisyExamples/libDaisy/build\libdaisy.a(stm32h7xx_hal_uart_ex.o)
                0x0800db4c                HAL_UARTEx_SetTxFifoThreshold
 .text.HAL_UARTEx_SetRxFifoThreshold
                0x0800dbe8       0x9c C:/Users/brand/Desktop/DaisyExamples/libDaisy/build\libdaisy.a(stm32h7xx_hal_uart_ex.o)
                0x0800dbe8                HAL_UARTEx_SetRxFifoThreshold
 .text.FMC_SDRAM_Init
                0x0800dc84       0x7c C:/Users/brand/Desktop/DaisyExamples/libDaisy/build\libdaisy.a(stm32h7xx_ll_fmc.o)
                0x0800dc84                FMC_SDRAM_Init
 .text.FMC_SDRAM_Timing_Init
                0x0800dd00       0x98 C:/Users/brand/Desktop/DaisyExamples/libDaisy/build\libdaisy.a(stm32h7xx_ll_fmc.o)
                0x0800dd00                FMC_SDRAM_Timing_Init
 .text.FMC_SDRAM_SendCommand
                0x0800dd98       0x28 C:/Users/brand/Desktop/DaisyExamples/libDaisy/build\libdaisy.a(stm32h7xx_ll_fmc.o)
                0x0800dd98                FMC_SDRAM_SendCommand
 .text.FMC_SDRAM_ProgramRefreshRate
                0x0800ddc0       0x1c C:/Users/brand/Desktop/DaisyExamples/libDaisy/build\libdaisy.a(stm32h7xx_ll_fmc.o)
                0x0800ddc0                FMC_SDRAM_ProgramRefreshRate
 .text.USB_SetTurnaroundTime
                0x0800dddc      0x104 C:/Users/brand/Desktop/DaisyExamples/libDaisy/build\libdaisy.a(stm32h7xx_ll_usb.o)
                0x0800dddc                USB_SetTurnaroundTime
 .text.USB_FlushTxFifo
                0x0800dee0       0x34 C:/Users/brand/Desktop/DaisyExamples/libDaisy/build\libdaisy.a(stm32h7xx_ll_usb.o)
                0x0800dee0                USB_FlushTxFifo
 .text.USB_GetDevSpeed
                0x0800df14       0x24 C:/Users/brand/Desktop/DaisyExamples/libDaisy/build\libdaisy.a(stm32h7xx_ll_usb.o)
                0x0800df14                USB_GetDevSpeed
 .text.USB_ActivateEndpoint
                0x0800df38       0x90 C:/Users/brand/Desktop/DaisyExamples/libDaisy/build\libdaisy.a(stm32h7xx_ll_usb.o)
                0x0800df38                USB_ActivateEndpoint
 .text.USB_EPStartXfer
                0x0800dfc8      0x230 C:/Users/brand/Desktop/DaisyExamples/libDaisy/build\libdaisy.a(stm32h7xx_ll_usb.o)
                0x0800dfc8                USB_EPStartXfer
 .text.USB_EP0StartXfer
                0x0800e1f8      0x174 C:/Users/brand/Desktop/DaisyExamples/libDaisy/build\libdaisy.a(stm32h7xx_ll_usb.o)
                0x0800e1f8                USB_EP0StartXfer
 .text.USB_WritePacket
                0x0800e36c       0x2c C:/Users/brand/Desktop/DaisyExamples/libDaisy/build\libdaisy.a(stm32h7xx_ll_usb.o)
                0x0800e36c                USB_WritePacket
 .text.USB_ReadPacket
                0x0800e398       0x20 C:/Users/brand/Desktop/DaisyExamples/libDaisy/build\libdaisy.a(stm32h7xx_ll_usb.o)
                0x0800e398                USB_ReadPacket
 .text.USB_EPSetStall
                0x0800e3b8       0x68 C:/Users/brand/Desktop/DaisyExamples/libDaisy/build\libdaisy.a(stm32h7xx_ll_usb.o)
                0x0800e3b8                USB_EPSetStall
 .text.USB_EPClearStall
                0x0800e420       0x58 C:/Users/brand/Desktop/DaisyExamples/libDaisy/build\libdaisy.a(stm32h7xx_ll_usb.o)
                0x0800e420                USB_EPClearStall
 .text.USB_SetDevAddress
                0x0800e478       0x24 C:/Users/brand/Desktop/DaisyExamples/libDaisy/build\libdaisy.a(stm32h7xx_ll_usb.o)
                0x0800e478                USB_SetDevAddress
 .text.USB_ReadInterrupts
                0x0800e49c       0x14 C:/Users/brand/Desktop/DaisyExamples/libDaisy/build\libdaisy.a(stm32h7xx_ll_usb.o)
                0x0800e49c                USB_ReadInterrupts
 .text.USB_ReadDevAllOutEpInterrupt
                0x0800e4b0       0x1c C:/Users/brand/Desktop/DaisyExamples/libDaisy/build\libdaisy.a(stm32h7xx_ll_usb.o)
                0x0800e4b0                USB_ReadDevAllOutEpInterrupt
 .text.USB_ReadDevAllInEpInterrupt
                0x0800e4cc       0x1c C:/Users/brand/Desktop/DaisyExamples/libDaisy/build\libdaisy.a(stm32h7xx_ll_usb.o)
                0x0800e4cc                USB_ReadDevAllInEpInterrupt
 .text.USB_ReadDevOutEPInterrupt
                0x0800e4e8       0x1c C:/Users/brand/Desktop/DaisyExamples/libDaisy/build\libdaisy.a(stm32h7xx_ll_usb.o)
                0x0800e4e8                USB_ReadDevOutEPInterrupt
 .text.USB_ReadDevInEPInterrupt
                0x0800e504       0x38 C:/Users/brand/Desktop/DaisyExamples/libDaisy/build\libdaisy.a(stm32h7xx_ll_usb.o)
                0x0800e504                USB_ReadDevInEPInterrupt
 .text.USB_GetMode
                0x0800e53c        0x8 C:/Users/brand/Desktop/DaisyExamples/libDaisy/build\libdaisy.a(stm32h7xx_ll_usb.o)
                0x0800e53c                USB_GetMode
 .text.USB_ActivateSetup
                0x0800e544       0x38 C:/Users/brand/Desktop/DaisyExamples/libDaisy/build\libdaisy.a(stm32h7xx_ll_usb.o)
                0x0800e544                USB_ActivateSetup
 .text.USB_EP0_OutStart
                0x0800e57c       0x58 C:/Users/brand/Desktop/DaisyExamples/libDaisy/build\libdaisy.a(stm32h7xx_ll_usb.o)
                0x0800e57c                USB_EP0_OutStart
 .text.USB_InitFSLSPClkSel
                0x0800e5d4       0x44 C:/Users/brand/Desktop/DaisyExamples/libDaisy/build\libdaisy.a(stm32h7xx_ll_usb.o)
                0x0800e5d4                USB_InitFSLSPClkSel
 .text.USB_HC_ReadInterrupt
                0x0800e618        0x8 C:/Users/brand/Desktop/DaisyExamples/libDaisy/build\libdaisy.a(stm32h7xx_ll_usb.o)
                0x0800e618                USB_HC_ReadInterrupt
 .text.USB_HC_Halt
                0x0800e620       0xc0 C:/Users/brand/Desktop/DaisyExamples/libDaisy/build\libdaisy.a(stm32h7xx_ll_usb.o)
                0x0800e620                USB_HC_Halt
 .text.USB_StopHost
                0x0800e6e0      0x2ec C:/Users/brand/Desktop/DaisyExamples/libDaisy/build\libdaisy.a(stm32h7xx_ll_usb.o)
                0x0800e6e0                USB_StopHost
 .text.USBD_SetClassConfig
                0x0800e9cc       0x14 C:/Users/brand/Desktop/DaisyExamples/libDaisy/build\libdaisy.a(usbd_core.o)
                0x0800e9cc                USBD_SetClassConfig
 .text.USBD_ClrClassConfig
                0x0800e9e0       0x10 C:/Users/brand/Desktop/DaisyExamples/libDaisy/build\libdaisy.a(usbd_core.o)
                0x0800e9e0                USBD_ClrClassConfig
 .text.USBD_LL_SetupStage
                0x0800e9f0       0x5c C:/Users/brand/Desktop/DaisyExamples/libDaisy/build\libdaisy.a(usbd_core.o)
                0x0800e9f0                USBD_LL_SetupStage
 .text.USBD_LL_DataOutStage
                0x0800ea4c       0x7c C:/Users/brand/Desktop/DaisyExamples/libDaisy/build\libdaisy.a(usbd_core.o)
                0x0800ea4c                USBD_LL_DataOutStage
 .text.USBD_LL_DataInStage
                0x0800eac8       0xcc C:/Users/brand/Desktop/DaisyExamples/libDaisy/build\libdaisy.a(usbd_core.o)
                0x0800eac8                USBD_LL_DataInStage
 .text.USBD_LL_Reset
                0x0800eb94       0x50 C:/Users/brand/Desktop/DaisyExamples/libDaisy/build\libdaisy.a(usbd_core.o)
                0x0800eb94                USBD_LL_Reset
 .text.USBD_LL_SetSpeed
                0x0800ebe4        0x8 C:/Users/brand/Desktop/DaisyExamples/libDaisy/build\libdaisy.a(usbd_core.o)
                0x0800ebe4                USBD_LL_SetSpeed
 .text.USBD_LL_Suspend
                0x0800ebec       0x14 C:/Users/brand/Desktop/DaisyExamples/libDaisy/build\libdaisy.a(usbd_core.o)
                0x0800ebec                USBD_LL_Suspend
 .text.USBD_LL_Resume
                0x0800ec00       0x10 C:/Users/brand/Desktop/DaisyExamples/libDaisy/build\libdaisy.a(usbd_core.o)
                0x0800ec00                USBD_LL_Resume
 .text.USBD_LL_SOF
                0x0800ec10       0x1c C:/Users/brand/Desktop/DaisyExamples/libDaisy/build\libdaisy.a(usbd_core.o)
                0x0800ec10                USBD_LL_SOF
 .text.USBD_LL_IsoINIncomplete
                0x0800ec2c        0x4 C:/Users/brand/Desktop/DaisyExamples/libDaisy/build\libdaisy.a(usbd_core.o)
                0x0800ec2c                USBD_LL_IsoINIncomplete
 .text.USBD_LL_IsoOUTIncomplete
                0x0800ec30        0x4 C:/Users/brand/Desktop/DaisyExamples/libDaisy/build\libdaisy.a(usbd_core.o)
                0x0800ec30                USBD_LL_IsoOUTIncomplete
 .text.USBD_LL_DevConnected
                0x0800ec34        0x4 C:/Users/brand/Desktop/DaisyExamples/libDaisy/build\libdaisy.a(usbd_core.o)
                0x0800ec34                USBD_LL_DevConnected
 .text.USBD_LL_DevDisconnected
                0x0800ec38       0x18 C:/Users/brand/Desktop/DaisyExamples/libDaisy/build\libdaisy.a(usbd_core.o)
                0x0800ec38                USBD_LL_DevDisconnected
 .text.USBD_StdDevReq
                0x0800ec50      0x304 C:/Users/brand/Desktop/DaisyExamples/libDaisy/build\libdaisy.a(usbd_ctlreq.o)
                0x0800ec50                USBD_StdDevReq
 .text.USBD_StdItfReq
                0x0800ef54       0x68 C:/Users/brand/Desktop/DaisyExamples/libDaisy/build\libdaisy.a(usbd_ctlreq.o)
                0x0800ef54                USBD_StdItfReq
 .text.USBD_StdEPReq
                0x0800efbc      0x13c C:/Users/brand/Desktop/DaisyExamples/libDaisy/build\libdaisy.a(usbd_ctlreq.o)
                0x0800efbc                USBD_StdEPReq
 .text.USBD_ParseSetupRequest
                0x0800f0f8       0x28 C:/Users/brand/Desktop/DaisyExamples/libDaisy/build\libdaisy.a(usbd_ctlreq.o)
                0x0800f0f8                USBD_ParseSetupRequest
 .text.USBD_CtlSendData
                0x0800f120       0x1c C:/Users/brand/Desktop/DaisyExamples/libDaisy/build\libdaisy.a(usbd_ioreq.o)
                0x0800f120                USBD_CtlSendData
 .text.USBD_CtlContinueSendData
                0x0800f13c       0x14 C:/Users/brand/Desktop/DaisyExamples/libDaisy/build\libdaisy.a(usbd_ioreq.o)
                0x0800f13c                USBD_CtlContinueSendData
 .text.USBD_CtlContinueRx
                0x0800f150       0x14 C:/Users/brand/Desktop/DaisyExamples/libDaisy/build\libdaisy.a(usbd_ioreq.o)
                0x0800f150                USBD_CtlContinueRx
 .text.USBD_CtlSendStatus
                0x0800f164       0x18 C:/Users/brand/Desktop/DaisyExamples/libDaisy/build\libdaisy.a(usbd_ioreq.o)
                0x0800f164                USBD_CtlSendStatus
 .text.USBD_CtlReceiveStatus
                0x0800f17c       0x18 C:/Users/brand/Desktop/DaisyExamples/libDaisy/build\libdaisy.a(usbd_ioreq.o)
                0x0800f17c                USBD_CtlReceiveStatus
 .text.USBH_LL_IncTimer
                0x0800f194       0x20 C:/Users/brand/Desktop/DaisyExamples/libDaisy/build\libdaisy.a(usbh_core.o)
                0x0800f194                USBH_LL_IncTimer
 .text.USBH_LL_PortEnabled
                0x0800f1b4        0x8 C:/Users/brand/Desktop/DaisyExamples/libDaisy/build\libdaisy.a(usbh_core.o)
                0x0800f1b4                USBH_LL_PortEnabled
 .text.USBH_LL_PortDisabled
                0x0800f1bc        0x8 C:/Users/brand/Desktop/DaisyExamples/libDaisy/build\libdaisy.a(usbh_core.o)
                0x0800f1bc                USBH_LL_PortDisabled
 .text.USBH_LL_Connect
                0x0800f1c4       0x18 C:/Users/brand/Desktop/DaisyExamples/libDaisy/build\libdaisy.a(usbh_core.o)
                0x0800f1c4                USBH_LL_Connect
 .text.USBH_LL_Disconnect
                0x0800f1dc       0x2c C:/Users/brand/Desktop/DaisyExamples/libDaisy/build\libdaisy.a(usbh_core.o)
                0x0800f1dc                USBH_LL_Disconnect
 .text.USBH_FreePipe
                0x0800f208       0x18 C:/Users/brand/Desktop/DaisyExamples/libDaisy/build\libdaisy.a(usbh_pipes.o)
                0x0800f208                USBH_FreePipe
 .text._ZN5daisy3Led4InitE12dsy_gpio_pinbf
                0x0800f220       0x48 C:/Users/brand/Desktop/DaisyExamples/libDaisy/build\libdaisy.a(led.o)
                0x0800f220                daisy::Led::Init(dsy_gpio_pin, bool, float)
 .text._ZN5daisy3Led3SetEf
                0x0800f268       0x24 C:/Users/brand/Desktop/DaisyExamples/libDaisy/build\libdaisy.a(led.o)
                0x0800f268                daisy::Led::Set(float)
 .text._ZN5daisy3Led6UpdateEv
                0x0800f28c       0x48 C:/Users/brand/Desktop/DaisyExamples/libDaisy/build\libdaisy.a(led.o)
                0x0800f28c                daisy::Led::Update()
 .text._ZN5daisy6Random4InitEv
                0x0800f2d4       0x3c C:/Users/brand/Desktop/DaisyExamples/libDaisy/build\libdaisy.a(rng.o)
                0x0800f2d4                daisy::Random::Init()
 .text._ZN5daisy9SpiHandle4Impl7InitDmaEv
                0x0800f310       0xec C:/Users/brand/Desktop/DaisyExamples/libDaisy/build\libdaisy.a(spi.o)
                0x0800f310                daisy::SpiHandle::Impl::InitDma()
 .text._ZN5daisy9SpiHandle4Impl10StartDmaTxEPhjPFvPvEPFvS3_NS0_6ResultEES3_
                0x0800f3fc       0xc8 C:/Users/brand/Desktop/DaisyExamples/libDaisy/build\libdaisy.a(spi.o)
                0x0800f3fc                daisy::SpiHandle::Impl::StartDmaTx(unsigned char*, unsigned int, void (*)(void*), void (*)(void*, daisy::SpiHandle::Result), void*)
 .text._ZN5daisy9SpiHandle4Impl10StartDmaRxEPhjPFvPvEPFvS3_NS0_6ResultEES3_
                0x0800f4c4       0xc8 C:/Users/brand/Desktop/DaisyExamples/libDaisy/build\libdaisy.a(spi.o)
                0x0800f4c4                daisy::SpiHandle::Impl::StartDmaRx(unsigned char*, unsigned int, void (*)(void*), void (*)(void*, daisy::SpiHandle::Result), void*)
 .text._ZN5daisy9SpiHandle4Impl12StartDmaRxTxEPhS2_jPFvPvEPFvS3_NS0_6ResultEES3_
                0x0800f58c       0xcc C:/Users/brand/Desktop/DaisyExamples/libDaisy/build\libdaisy.a(spi.o)
                0x0800f58c                daisy::SpiHandle::Impl::StartDmaRxTx(unsigned char*, unsigned char*, unsigned int, void (*)(void*), void (*)(void*, daisy::SpiHandle::Result), void*)
 .text._ZN5daisy9SpiHandle4Impl8InitPinsEv
                0x0800f658      0x274 C:/Users/brand/Desktop/DaisyExamples/libDaisy/build\libdaisy.a(spi.o)
                0x0800f658                daisy::SpiHandle::Impl::InitPins()
 .text.HAL_SPI_MspInit
                0x0800f8cc      0x1a8 C:/Users/brand/Desktop/DaisyExamples/libDaisy/build\libdaisy.a(spi.o)
                0x0800f8cc                HAL_SPI_MspInit
 .text.dsy_spi_global_init
                0x0800fa74       0x80 C:/Users/brand/Desktop/DaisyExamples/libDaisy/build\libdaisy.a(spi.o)
                0x0800fa74                dsy_spi_global_init
 .text.SPI1_IRQHandler
                0x0800faf4        0xc C:/Users/brand/Desktop/DaisyExamples/libDaisy/build\libdaisy.a(spi.o)
                0x0800faf4                SPI1_IRQHandler
 .text.SPI2_IRQHandler
                0x0800fb00        0xc C:/Users/brand/Desktop/DaisyExamples/libDaisy/build\libdaisy.a(spi.o)
                0x0800fb00                SPI2_IRQHandler
 .text.SPI3_IRQHandler
                0x0800fb0c        0xc C:/Users/brand/Desktop/DaisyExamples/libDaisy/build\libdaisy.a(spi.o)
                0x0800fb0c                SPI3_IRQHandler
 .text.SPI4_IRQHandler
                0x0800fb18        0xc C:/Users/brand/Desktop/DaisyExamples/libDaisy/build\libdaisy.a(spi.o)
                0x0800fb18                SPI4_IRQHandler
 .text.SPI5_IRQHandler
                0x0800fb24        0xc C:/Users/brand/Desktop/DaisyExamples/libDaisy/build\libdaisy.a(spi.o)
                0x0800fb24                SPI5_IRQHandler
 .text.DMA2_Stream2_IRQHandler
                0x0800fb30       0x34 C:/Users/brand/Desktop/DaisyExamples/libDaisy/build\libdaisy.a(spi.o)
                0x0800fb30                DMA2_Stream2_IRQHandler
 .text.DMA2_Stream3_IRQHandler
                0x0800fb64       0x38 C:/Users/brand/Desktop/DaisyExamples/libDaisy/build\libdaisy.a(spi.o)
                0x0800fb64                DMA2_Stream3_IRQHandler
 .text.HAL_SPI_TxCpltCallback
                0x0800fb9c       0xc4 C:/Users/brand/Desktop/DaisyExamples/libDaisy/build\libdaisy.a(spi.o)
                0x0800fb9c                HAL_SPI_TxCpltCallback
 .text.HAL_SPI_RxCpltCallback
                0x0800fc60       0xc4 C:/Users/brand/Desktop/DaisyExamples/libDaisy/build\libdaisy.a(spi.o)
                0x0800fc60                HAL_SPI_RxCpltCallback
 .text.HAL_SPI_TxRxCpltCallback
                0x0800fd24       0xc4 C:/Users/brand/Desktop/DaisyExamples/libDaisy/build\libdaisy.a(spi.o)
                0x0800fd24                HAL_SPI_TxRxCpltCallback
 .text.HAL_SPI_ErrorCallback
                0x0800fde8       0xc8 C:/Users/brand/Desktop/DaisyExamples/libDaisy/build\libdaisy.a(spi.o)
                0x0800fde8                HAL_SPI_ErrorCallback
 .text.startup._GLOBAL__sub_I__Z19MapInstanceToHandleP11SPI_TypeDef
                0x0800feb0      0x1b0 C:/Users/brand/Desktop/DaisyExamples/libDaisy/build\libdaisy.a(spi.o)
 .text.HAL_TIM_Base_MspInit
                0x08010060      0x1e0 C:/Users/brand/Desktop/DaisyExamples/libDaisy/build\libdaisy.a(tim.o)
                0x08010060                HAL_TIM_Base_MspInit
 .text.HAL_TIM_PeriodElapsedCallback
                0x08010240       0x44 C:/Users/brand/Desktop/DaisyExamples/libDaisy/build\libdaisy.a(tim.o)
                0x08010240                HAL_TIM_PeriodElapsedCallback
 .text.TIM2_IRQHandler
                0x08010284        0xc C:/Users/brand/Desktop/DaisyExamples/libDaisy/build\libdaisy.a(tim.o)
                0x08010284                TIM2_IRQHandler
 .text.TIM3_IRQHandler
                0x08010290        0xc C:/Users/brand/Desktop/DaisyExamples/libDaisy/build\libdaisy.a(tim.o)
                0x08010290                TIM3_IRQHandler
 .text.TIM4_IRQHandler
                0x0801029c        0xc C:/Users/brand/Desktop/DaisyExamples/libDaisy/build\libdaisy.a(tim.o)
                0x0801029c                TIM4_IRQHandler
 .text.TIM5_IRQHandler
                0x080102a8        0xc C:/Users/brand/Desktop/DaisyExamples/libDaisy/build\libdaisy.a(tim.o)
                0x080102a8                TIM5_IRQHandler
 .text._ZN5daisy11TimerHandle4InitERKNS0_6ConfigE
                0x080102b4       0xd0 C:/Users/brand/Desktop/DaisyExamples/libDaisy/build\libdaisy.a(tim.o)
                0x080102b4                daisy::TimerHandle::Init(daisy::TimerHandle::Config const&)
 .text._ZN5daisy11TimerHandle5StartEv
                0x08010384       0x24 C:/Users/brand/Desktop/DaisyExamples/libDaisy/build\libdaisy.a(tim.o)
                0x08010384                daisy::TimerHandle::Start()
 .text.startup._GLOBAL__sub_I__ZN5daisy11TimerHandle4Impl4InitERKNS0_6ConfigE
                0x080103a8       0x38 C:/Users/brand/Desktop/DaisyExamples/libDaisy/build\libdaisy.a(tim.o)
 .text.HAL_MDMA_Abort_IT
                0x080103e0       0x2c C:/Users/brand/Desktop/DaisyExamples/libDaisy/build\libdaisy.a(stm32h7xx_hal_mdma.o)
                0x080103e0                HAL_MDMA_Abort_IT
 .text.SPI_CloseTransfer
                0x0801040c       0xb8 C:/Users/brand/Desktop/DaisyExamples/libDaisy/build\libdaisy.a(stm32h7xx_hal_spi.o)
 .text.HAL_SPI_Init
                0x080104c4      0x15c C:/Users/brand/Desktop/DaisyExamples/libDaisy/build\libdaisy.a(stm32h7xx_hal_spi.o)
                0x080104c4                HAL_SPI_Init
 .text.HAL_SPI_Transmit_DMA
                0x08010620      0x170 C:/Users/brand/Desktop/DaisyExamples/libDaisy/build\libdaisy.a(stm32h7xx_hal_spi.o)
                0x08010620                HAL_SPI_Transmit_DMA
 .text.HAL_SPI_TransmitReceive_DMA
                0x08010790      0x218 C:/Users/brand/Desktop/DaisyExamples/libDaisy/build\libdaisy.a(stm32h7xx_hal_spi.o)
                0x08010790                HAL_SPI_TransmitReceive_DMA
 .text.HAL_SPI_Receive_DMA
                0x080109a8      0x1b4 C:/Users/brand/Desktop/DaisyExamples/libDaisy/build\libdaisy.a(stm32h7xx_hal_spi.o)
                0x080109a8                HAL_SPI_Receive_DMA
 .text.SPI_DMATransmitCplt
                0x08010b5c       0x28 C:/Users/brand/Desktop/DaisyExamples/libDaisy/build\libdaisy.a(stm32h7xx_hal_spi.o)
 .text.SPI_DMAReceiveCplt
                0x08010b84       0x28 C:/Users/brand/Desktop/DaisyExamples/libDaisy/build\libdaisy.a(stm32h7xx_hal_spi.o)
 .text.SPI_DMATransmitReceiveCplt